[    0.000000] Linux version 5.18.9-1.fc32.qubes.x86_64 (mockbuild@f0519b91f2514a8f8fed17f4d7bb4fbf) (gcc (GCC) 10.3.1 20210422 (Red Hat 10.3.1-1), GNU ld version 2.34-6.fc32) #1 SMP PREEMPT_DYNAMIC Tue Jul 5 21:08:12 CEST 2022
[    0.000000] Command line: placeholder root=/dev/mapper/qubes_dom0-root ro rd.luks.uuid=luks-cad69b60-1ee4-40e2-80b6-e790c2eeb8ff rd.lvm.lv=qubes_dom0/root rd.lvm.lv=qubes_dom0/swap plymouth.ignore-serial-consoles rd.driver.pre=btrfs rhgb i915.alpha_support=1 modprobe.blacklist=iwlwifi modprobe.blacklist=iwlmei rd.qubes.hide_all_usb
[    0.000000] x86/fpu: Supporting XSAVE feature 0x001: 'x87 floating point registers'
[    0.000000] x86/fpu: Supporting XSAVE feature 0x002: 'SSE registers'
[    0.000000] x86/fpu: Supporting XSAVE feature 0x004: 'AVX registers'
[    0.000000] x86/fpu: xstate_offset[2]:  576, xstate_sizes[2]:  256
[    0.000000] x86/fpu: Enabled xstate features 0x7, context size is 832 bytes, using 'standard' format.
[    0.000000] signal: max sigframe size: 1776
[    0.000000] Released 0 page(s)
[    0.000000] BIOS-provided physical RAM map:
[    0.000000] Xen: [mem 0x0000000000000000-0x000000000009efff] usable
[    0.000000] Xen: [mem 0x000000000009f000-0x00000000000fffff] reserved
[    0.000000] Xen: [mem 0x0000000000100000-0x000000008e36efff] usable
[    0.000000] Xen: [mem 0x000000008e36f000-0x000000009332efff] reserved
[    0.000000] Xen: [mem 0x000000009332f000-0x0000000093f2efff] ACPI NVS
[    0.000000] Xen: [mem 0x0000000093f2f000-0x0000000093ffefff] ACPI data
[    0.000000] Xen: [mem 0x0000000093fff000-0x0000000093ffffff] usable
[    0.000000] Xen: [mem 0x0000000094000000-0x0000000097ffffff] reserved
[    0.000000] Xen: [mem 0x0000000098200000-0x00000000983fffff] reserved
[    0.000000] Xen: [mem 0x0000000098c00000-0x00000000a07fffff] reserved
[    0.000000] Xen: [mem 0x00000000c0000000-0x00000000cfffffff] reserved
[    0.000000] Xen: [mem 0x00000000fec00000-0x00000000fec00fff] reserved
[    0.000000] Xen: [mem 0x00000000fed20000-0x00000000fed7ffff] reserved
[    0.000000] Xen: [mem 0x00000000fed90000-0x00000000fed92fff] reserved
[    0.000000] Xen: [mem 0x00000000fee00000-0x00000000feefffff] reserved
[    0.000000] Xen: [mem 0x0000000100000000-0x0000000171cf0fff] usable
[    0.000000] NX (Execute Disable) protection: active
[    0.000000] efi: EFI v2.70 by Lenovo
[    0.000000] efi: ACPI=0x93ffe000 ACPI 2.0=0x93ffe014 TPMFinalLog=0x93e6e000 SMBIOS=0x900af000 SMBIOS 3.0=0x900a2000 MEMATTR=0x894e2018 ESRT=0x8961fa98 
[    0.000000] SMBIOS 3.4.0 present.
[    0.000000] DMI: LENOVO 21E80013US/21E80013US, BIOS N3IET32W (1.12 ) 06/21/2022
[    0.000000] Hypervisor detected: Xen PV
[    0.000448] tsc: Fast TSC calibration failed
[    0.000449] tsc: Detected 1996.818 MHz processor
[    0.000604] e820: update [mem 0x00000000-0x00000fff] usable ==> reserved
[    0.000606] e820: remove [mem 0x000a0000-0x000fffff] usable
[    0.000610] last_pfn = 0x171cf1 max_arch_pfn = 0x400000000
[    0.000612] Disabled
[    0.000612] x86/PAT: MTRRs disabled, skipping PAT initialization too.
[    0.000615] x86/PAT: Configuration [0-7]: WB  WT  UC- UC  WC  WP  UC  UC  
[    0.000617] last_pfn = 0x94000 max_arch_pfn = 0x400000000
[    0.064265] Secure boot disabled
[    0.064266] RAMDISK: [mem 0x08000000-0x0a0e8fff]
[    0.064271] ACPI: Early table checksum verification disabled
[    0.064279] ACPI: RSDP 0x0000000093FFE014 000024 (v02 LENOVO)
[    0.064286] ACPI: XSDT 0x0000000093FFC188 000144 (v01 LENOVO TP-N3A   00001120 PTEC 00000002)
[    0.064352] ACPI: FACP 0x0000000090091000 000114 (v06 LENOVO TP-N3A   00001120 PTEC 00000002)
[    0.064450] ACPI: DSDT 0x000000009003F000 04DDA5 (v02 LENOVO ICL      00000002      01000013)
[    0.064457] ACPI: FACS 0x0000000093E54000 000040
[    0.064466] ACPI: SSDT 0x000000009014A000 00038C (v02 LENOVO Pmax_Dev 00000001 INTL 20200717)
[    0.064474] ACPI: SSDT 0x0000000090132000 005D31 (v02 LENOVO CpuSsdt  00003000 INTL 20200717)
[    0.064483] ACPI: SSDT 0x0000000090131000 00059B (v02 LENOVO CtdpB    00001000 INTL 20200717)
[    0.064491] ACPI: SSDT 0x00000000900C2000 003832 (v02 LENOVO DptfTabl 00001000 INTL 20200717)
[    0.064499] ACPI: SSDT 0x0000000090093000 00060E (v02 LENOVO Tpm2Tabl 00001000 INTL 20200717)
[    0.064507] ACPI: TPM2 0x0000000090092000 00004C (v04 LENOVO TP-N3A   00001120 PTEC 00000002)
[    0.064515] ACPI: HPET 0x0000000090090000 000038 (v01 LENOVO TP-N3A   00001120 PTEC 00000002)
[    0.064523] ACPI: APIC 0x000000009008F000 0001DC (v05 LENOVO TP-N3A   00001120 PTEC 00000002)
[    0.064531] ACPI: MCFG 0x000000009008E000 00003C (v01 LENOVO TP-N3A   00001120 PTEC 00000002)
[    0.064539] ACPI: ECDT 0x000000009008D000 000053 (v01 LENOVO TP-N3A   00001120 PTEC 00000002)
[    0.064548] ACPI: SSDT 0x000000009003C000 002ADE (v02 LENOVO AdlP_Rvp 00001000 INTL 20200717)
[    0.064556] ACPI: SSDT 0x000000009003B000 000189 (v02 LENOVO PID0Ssdt 00000010 INTL 20200717)
[    0.064564] ACPI: SSDT 0x0000000090039000 00127B (v02 LENOVO ProjSsdt 00000010 INTL 20200717)
[    0.064572] ACPI: SSDT 0x0000000090036000 002B22 (v02 LENOVO SaSsdt   00003000 INTL 20200717)
[    0.064580] ACPI: SSDT 0x0000000090032000 0035CE (v02 LENOVO IgfxSsdt 00003000 INTL 20200717)
[    0.064588] ACPI: SSDT 0x0000000090029000 008822 (v02 LENOVO TcssSsdt 00001000 INTL 20200717)
[    0.064596] ACPI: SSDT 0x0000000090028000 000150 (v02 LENOVO IpuSsdt  00001000 INTL 20200717)
[    0.064604] ACPI: LPIT 0x0000000090027000 0000CC (v01 LENOVO TP-N3A   00001120 PTEC 00000002)
[    0.064612] ACPI: WSMT 0x0000000090026000 000028 (v01 LENOVO TP-N3A   00001120 PTEC 00000002)
[    0.064620] ACPI: SSDT 0x0000000090023000 002357 (v02 LENOVO TbtTypeC 00000000 INTL 20200717)
[    0.064628] ACPI: DBGP 0x0000000090022000 000034 (v01 LENOVO TP-N3A   00001120 PTEC 00000002)
[    0.064636] ACPI: DBG2 0x0000000090021000 000054 (v00 LENOVO TP-N3A   00001120 PTEC 00000002)
[    0.064644] ACPI: NHLT 0x0000000090020000 00002D (v00 LENOVO TP-N3A   00001120 PTEC 00000002)
[    0.064651] ACPI: MSDM 0x000000009001F000 000055 (v03 LENOVO TP-N3A   00001120 PTEC 00000002)
[    0.064659] ACPI: SSDT 0x0000000090009000 000E54 (v02 LENOVO UsbCTabl 00001000 INTL 20200717)
[    0.064667] ACPI: BATB 0x0000000090007000 00004A (v02 LENOVO TP-N3A   00001120 PTEC 00000002)
[    0.064676] ACPI: RMAD 0x000000008E805000 0000A0 (v02 LENOVO TP-N3A   00001120 PTEC 00000002)
[    0.064684] ACPI: SSDT 0x000000008E803000 00129A (v02 LENOVO SocGpe   00003000 INTL 20200717)
[    0.064692] ACPI: SSDT 0x000000008E7FF000 0039DA (v02 LENOVO SocCmn   00003000 INTL 20200717)
[    0.064700] ACPI: SSDT 0x000000008E7FE000 000144 (v02 LENOVO ADebTabl 00001000 INTL 20200717)
[    0.064708] ACPI: ASF! 0x000000008E7FD000 0000A0 (v32 LENOVO TP-N3A   00001120 PTEC 00000002)
[    0.064716] ACPI: BGRT 0x000000009000A000 000038 (v01 LENOVO TP-N3A   00001120 PTEC 00000002)
[    0.064724] ACPI: PHAT 0x000000008E7D6000 000598 (v01 LENOVO TP-N3A   00001120 PTEC 00000002)
[    0.064732] ACPI: UEFI 0x0000000093E4B000 000076 (v01 LENOVO TP-N3A   00001120 PTEC 00000002)
[    0.064740] ACPI: FPDT 0x000000008E7D5000 000034 (v01 LENOVO TP-N3A   00001120 PTEC 00001120)
[    0.064744] ACPI: Reserving FACP table memory at [mem 0x90091000-0x90091113]
[    0.064745] ACPI: Reserving DSDT table memory at [mem 0x9003f000-0x9008cda4]
[    0.064746] ACPI: Reserving FACS table memory at [mem 0x93e54000-0x93e5403f]
[    0.064747] ACPI: Reserving SSDT table memory at [mem 0x9014a000-0x9014a38b]
[    0.064747] ACPI: Reserving SSDT table memory at [mem 0x90132000-0x90137d30]
[    0.064748] ACPI: Reserving SSDT table memory at [mem 0x90131000-0x9013159a]
[    0.064749] ACPI: Reserving SSDT table memory at [mem 0x900c2000-0x900c5831]
[    0.064750] ACPI: Reserving SSDT table memory at [mem 0x90093000-0x9009360d]
[    0.064750] ACPI: Reserving TPM2 table memory at [mem 0x90092000-0x9009204b]
[    0.064751] ACPI: Reserving HPET table memory at [mem 0x90090000-0x90090037]
[    0.064752] ACPI: Reserving APIC table memory at [mem 0x9008f000-0x9008f1db]
[    0.064753] ACPI: Reserving MCFG table memory at [mem 0x9008e000-0x9008e03b]
[    0.064753] ACPI: Reserving ECDT table memory at [mem 0x9008d000-0x9008d052]
[    0.064754] ACPI: Reserving SSDT table memory at [mem 0x9003c000-0x9003eadd]
[    0.064755] ACPI: Reserving SSDT table memory at [mem 0x9003b000-0x9003b188]
[    0.064756] ACPI: Reserving SSDT table memory at [mem 0x90039000-0x9003a27a]
[    0.064756] ACPI: Reserving SSDT table memory at [mem 0x90036000-0x90038b21]
[    0.064757] ACPI: Reserving SSDT table memory at [mem 0x90032000-0x900355cd]
[    0.064758] ACPI: Reserving SSDT table memory at [mem 0x90029000-0x90031821]
[    0.064759] ACPI: Reserving SSDT table memory at [mem 0x90028000-0x9002814f]
[    0.064759] ACPI: Reserving LPIT table memory at [mem 0x90027000-0x900270cb]
[    0.064760] ACPI: Reserving WSMT table memory at [mem 0x90026000-0x90026027]
[    0.064761] ACPI: Reserving SSDT table memory at [mem 0x90023000-0x90025356]
[    0.064762] ACPI: Reserving DBGP table memory at [mem 0x90022000-0x90022033]
[    0.064762] ACPI: Reserving DBG2 table memory at [mem 0x90021000-0x90021053]
[    0.064763] ACPI: Reserving NHLT table memory at [mem 0x90020000-0x9002002c]
[    0.064764] ACPI: Reserving MSDM table memory at [mem 0x9001f000-0x9001f054]
[    0.064765] ACPI: Reserving SSDT table memory at [mem 0x90009000-0x90009e53]
[    0.064766] ACPI: Reserving BATB table memory at [mem 0x90007000-0x90007049]
[    0.064766] ACPI: Reserving RMAD table memory at [mem 0x8e805000-0x8e80509f]
[    0.064767] ACPI: Reserving SSDT table memory at [mem 0x8e803000-0x8e804299]
[    0.064768] ACPI: Reserving SSDT table memory at [mem 0x8e7ff000-0x8e8029d9]
[    0.064769] ACPI: Reserving SSDT table memory at [mem 0x8e7fe000-0x8e7fe143]
[    0.064769] ACPI: Reserving ASF! table memory at [mem 0x8e7fd000-0x8e7fd09f]
[    0.064770] ACPI: Reserving BGRT table memory at [mem 0x9000a000-0x9000a037]
[    0.064771] ACPI: Reserving PHAT table memory at [mem 0x8e7d6000-0x8e7d6597]
[    0.064772] ACPI: Reserving UEFI table memory at [mem 0x93e4b000-0x93e4b075]
[    0.064773] ACPI: Reserving FPDT table memory at [mem 0x8e7d5000-0x8e7d5033]
[    0.064822] Setting APIC routing to Xen PV.
[    0.064862] NUMA turned off
[    0.064863] Faking a node at [mem 0x0000000000000000-0x0000000171cf0fff]
[    0.064872] NODE_DATA(0) allocated [mem 0x8db71000-0x8db9bfff]
[    0.078864] Zone ranges:
[    0.078865]   DMA      [mem 0x0000000000001000-0x0000000000ffffff]
[    0.078867]   DMA32    [mem 0x0000000001000000-0x00000000ffffffff]
[    0.078868]   Normal   [mem 0x0000000100000000-0x0000000171cf0fff]
[    0.078870]   Device   empty
[    0.078871] Movable zone start for each node
[    0.078873] Early memory node ranges
[    0.078873]   node   0: [mem 0x0000000000001000-0x000000000009efff]
[    0.078875]   node   0: [mem 0x0000000000100000-0x000000008e36efff]
[    0.078876]   node   0: [mem 0x0000000093fff000-0x0000000093ffffff]
[    0.078876]   node   0: [mem 0x0000000100000000-0x0000000171cf0fff]
[    0.078878] Initmem setup node 0 [mem 0x0000000000001000-0x0000000171cf0fff]
[    0.078883] On node 0, zone DMA: 1 pages in unavailable ranges
[    0.078907] On node 0, zone DMA: 97 pages in unavailable ranges
[    0.082345] On node 0, zone DMA32: 23696 pages in unavailable ranges
[    0.084862] On node 0, zone Normal: 16384 pages in unavailable ranges
[    0.085052] On node 0, zone Normal: 25359 pages in unavailable ranges
[    0.085054] p2m virtual area at (____ptrval____), size is 40000000
[    0.633300] Remapped 466161 page(s)
[    0.633382] Reserving Intel graphics memory at [mem 0x9c800000-0xa07fffff]
[    0.634442] ACPI: PM-Timer IO Port: 0x1808
[    0.634559] ACPI: LAPIC_NMI (acpi_id[0x01] high edge lint[0x1])
[    0.634562] ACPI: LAPIC_NMI (acpi_id[0x02] high edge lint[0x1])
[    0.634563] ACPI: LAPIC_NMI (acpi_id[0x03] high edge lint[0x1])
[    0.634564] ACPI: LAPIC_NMI (acpi_id[0x04] high edge lint[0x1])
[    0.634566] ACPI: LAPIC_NMI (acpi_id[0x05] high edge lint[0x1])
[    0.634568] ACPI: LAPIC_NMI (acpi_id[0x06] high edge lint[0x1])
[    0.634570] ACPI: LAPIC_NMI (acpi_id[0x07] high edge lint[0x1])
[    0.634572] ACPI: LAPIC_NMI (acpi_id[0x08] high edge lint[0x1])
[    0.634574] ACPI: LAPIC_NMI (acpi_id[0x09] high edge lint[0x1])
[    0.634576] ACPI: LAPIC_NMI (acpi_id[0x0a] high edge lint[0x1])
[    0.634577] ACPI: LAPIC_NMI (acpi_id[0x0b] high edge lint[0x1])
[    0.634579] ACPI: LAPIC_NMI (acpi_id[0x0c] high edge lint[0x1])
[    0.634581] ACPI: LAPIC_NMI (acpi_id[0x0d] high edge lint[0x1])
[    0.634583] ACPI: LAPIC_NMI (acpi_id[0x0e] high edge lint[0x1])
[    0.634585] ACPI: LAPIC_NMI (acpi_id[0x0f] high edge lint[0x1])
[    0.634587] ACPI: LAPIC_NMI (acpi_id[0x10] high edge lint[0x1])
[    0.634589] ACPI: LAPIC_NMI (acpi_id[0x11] high edge lint[0x1])
[    0.634591] ACPI: LAPIC_NMI (acpi_id[0x12] high edge lint[0x1])
[    0.634593] ACPI: LAPIC_NMI (acpi_id[0x13] high edge lint[0x1])
[    0.634594] ACPI: LAPIC_NMI (acpi_id[0x14] high edge lint[0x1])
[    0.634596] ACPI: LAPIC_NMI (acpi_id[0x15] high edge lint[0x1])
[    0.634598] ACPI: LAPIC_NMI (acpi_id[0x16] high edge lint[0x1])
[    0.634600] ACPI: LAPIC_NMI (acpi_id[0x17] high edge lint[0x1])
[    0.634602] ACPI: LAPIC_NMI (acpi_id[0x00] high edge lint[0x1])
[    0.634744] IOAPIC[0]: apic_id 2, version 32, address 0xfec00000, GSI 0-119
[    0.634769] ACPI: INT_SRC_OVR (bus 0 bus_irq 0 global_irq 2 dfl dfl)
[    0.634773] ACPI: INT_SRC_OVR (bus 0 bus_irq 9 global_irq 9 high level)
[    0.634807] ACPI: Using ACPI (MADT) for SMP configuration information
[    0.634809] ACPI: HPET id: 0x8086a201 base: 0xfed00000
[    0.637084] smpboot: Allowing 14 CPUs, 0 hotplug CPUs
[    0.637101] [mem 0xd0000000-0xfebfffff] available for PCI devices
[    0.637104] Booting kernel on Xen
[    0.637105] Xen version: 4.14.5 (preserve-AD)
[    0.637109] clocksource: refined-jiffies: mask: 0xffffffff max_cycles: 0xffffffff, max_idle_ns: 1910969940391419 ns
[    0.641702] setup_percpu: NR_CPUS:8192 nr_cpumask_bits:14 nr_cpu_ids:14 nr_node_ids:1
[    0.642128] percpu: Embedded 61 pages/cpu s212992 r8192 d28672 u262144
[    0.642134] pcpu-alloc: s212992 r8192 d28672 u262144 alloc=1*2097152
[    0.642136] pcpu-alloc: [0] 00 01 02 03 04 05 06 07 [0] 08 09 10 11 12 13 -- -- 
[    0.642181] xen: PV spinlocks enabled
[    0.642184] PV qspinlock hash table entries: 256 (order: 0, 4096 bytes, linear)
[    0.642188] Fallback order for Node 0: 0 
[    0.642192] Built 1 zonelists, mobility grouping on.  Total pages: 1032031
[    0.642194] Policy zone: Normal
[    0.642195] Kernel command line: placeholder root=/dev/mapper/qubes_dom0-root ro rd.luks.uuid=luks-cad69b60-1ee4-40e2-80b6-e790c2eeb8ff rd.lvm.lv=qubes_dom0/root rd.lvm.lv=qubes_dom0/swap plymouth.ignore-serial-consoles rd.driver.pre=btrfs rhgb i915.alpha_support=1 modprobe.blacklist=iwlwifi modprobe.blacklist=iwlmei rd.qubes.hide_all_usb
[    0.642296] Unknown kernel command line parameters "placeholder rhgb", will be passed to user space.
[    0.642577] Dentry cache hash table entries: 524288 (order: 10, 4194304 bytes, linear)
[    0.642722] Inode-cache hash table entries: 262144 (order: 9, 2097152 bytes, linear)
[    0.643509] mem auto-init: stack:byref_all(zero), heap alloc:on, heap free:on
[    0.643511] mem auto-init: clearing system memory may take some time...
[    0.669069] software IO TLB: mapped [mem 0x000000016d000000-0x0000000171000000] (64MB)
[    0.951749] Memory: 3952268K/4194300K available (16392K kernel code, 3690K rwdata, 6124K rodata, 3224K init, 5672K bss, 241780K reserved, 0K cma-reserved)
[    0.952211] SLUB: HWalign=64, Order=0-3, MinObjects=0, CPUs=14, Nodes=1
[    0.952698] ftrace: allocating 54344 entries in 213 pages
[    0.960496] ftrace: allocated 213 pages with 5 groups
[    0.961276] Dynamic Preempt: voluntary
[    0.961371] rcu: Preemptible hierarchical RCU implementation.
[    0.961372] rcu: 	RCU restricting CPUs from NR_CPUS=8192 to nr_cpu_ids=14.
[    0.961373] 	Trampoline variant of Tasks RCU enabled.
[    0.961374] 	Rude variant of Tasks RCU enabled.
[    0.961374] 	Tracing variant of Tasks RCU enabled.
[    0.961375] rcu: RCU calculated value of scheduler-enlistment delay is 100 jiffies.
[    0.961376] rcu: Adjusting geometry for rcu_fanout_leaf=16, nr_cpu_ids=14
[    0.967836] Using NULL legacy PIC
[    0.967837] NR_IRQS: 524544, nr_irqs: 2168, preallocated irqs: 0
[    0.967871] xen:events: Using FIFO-based ABI
[    0.967886] xen: --> pirq=1 -> irq=1 (gsi=1)
[    0.967893] xen: --> pirq=2 -> irq=2 (gsi=2)
[    0.967899] xen: --> pirq=3 -> irq=3 (gsi=3)
[    0.967904] xen: --> pirq=4 -> irq=4 (gsi=4)
[    0.967909] xen: --> pirq=5 -> irq=5 (gsi=5)
[    0.967915] xen: --> pirq=6 -> irq=6 (gsi=6)
[    0.967920] xen: --> pirq=7 -> irq=7 (gsi=7)
[    0.967925] xen: --> pirq=8 -> irq=8 (gsi=8)
[    0.967930] xen: --> pirq=9 -> irq=9 (gsi=9)
[    0.967936] xen: --> pirq=10 -> irq=10 (gsi=10)
[    0.967941] xen: --> pirq=11 -> irq=11 (gsi=11)
[    0.967947] xen: --> pirq=12 -> irq=12 (gsi=12)
[    0.967952] xen: --> pirq=13 -> irq=13 (gsi=13)
[    0.967957] xen: --> pirq=14 -> irq=14 (gsi=14)
[    0.967963] xen: --> pirq=15 -> irq=15 (gsi=15)
[    0.968229] kfence: initialized - using 2097152 bytes for 255 objects at 0x(____ptrval____)-0x(____ptrval____)
[    0.968239] random: crng init done
[    0.968274] Console: colour dummy device 80x25
[    0.968414] printk: console [tty0] enabled
[    0.968854] printk: console [hvc0] enabled
[    0.968874] ACPI: Core revision 20211217
[    1.010406] ACPI BIOS Warning (bug): Incorrect checksum in table [BGRT] - 0x79, should be 0x98 (20211217/tbprint-174)
[    1.010625] clocksource: xen: mask: 0xffffffffffffffff max_cycles: 0x1cd42e4dffb, max_idle_ns: 881590591483 ns
[    1.010632] Xen: using vcpuop timer interface
[    1.010635] installing Xen timer for CPU 0
[    1.010660] clocksource: tsc-early: mask: 0xffffffffffffffff max_cycles: 0x3990e0c2f21, max_idle_ns: 881590693148 ns
[    1.010668] Calibrating delay loop (skipped), value calculated using timer frequency.. 3993.63 BogoMIPS (lpj=1996818)
[    1.010674] pid_max: default: 32768 minimum: 301
[    1.010724] LSM: Security Framework initializing
[    1.010734] Yama: becoming mindful.
[    1.010783] Mount-cache hash table entries: 8192 (order: 4, 65536 bytes, linear)
[    1.010789] Mountpoint-cache hash table entries: 8192 (order: 4, 65536 bytes, linear)
[    1.011190] Last level iTLB entries: 4KB 0, 2MB 0, 4MB 0
[    1.011194] Last level dTLB entries: 4KB 0, 2MB 0, 4MB 0, 1GB 0
[    1.011201] Spectre V1 : Mitigation: usercopy/swapgs barriers and __user pointer sanitization
[    1.011208] Spectre V2 : Mitigation: Enhanced IBRS
[    1.011211] Spectre V2 : Spectre v2 / SpectreRSB mitigation: Filling RSB on context switch
[    1.011216] Spectre V2 : mitigation: Enabling conditional Indirect Branch Prediction Barrier
[    1.011221] Speculative Store Bypass: Mitigation: Speculative Store Bypass disabled via prctl
[    1.015070] Freeing SMP alternatives memory: 48K
[    1.015739] cpu 0 spinlock event irq 121
[    1.015747] VPMU disabled by hypervisor.
[    1.015931] cblist_init_generic: Setting adjustable number of callback queues.
[    1.015936] cblist_init_generic: Setting shift to 4 and lim to 1.
[    1.015955] cblist_init_generic: Setting shift to 4 and lim to 1.
[    1.015974] cblist_init_generic: Setting shift to 4 and lim to 1.
[    1.015992] Performance Events: unsupported p6 CPU model 154 no PMU driver, software events only.
[    1.016035] rcu: Hierarchical SRCU implementation.
[    1.016347] NMI watchdog: Perf NMI watchdog permanently disabled
[    1.016487] smp: Bringing up secondary CPUs ...
[    1.016575] installing Xen timer for CPU 1
[    1.016793] cpu 1 spinlock event irq 131
[    1.017016] installing Xen timer for CPU 2
[    1.017016] cpu 2 spinlock event irq 137
[    1.017016] installing Xen timer for CPU 3
[    1.017826] cpu 3 spinlock event irq 143
[    1.017826] installing Xen timer for CPU 4
[    1.017954] cpu 4 spinlock event irq 149
[    1.017954] installing Xen timer for CPU 5
[    1.017954] cpu 5 spinlock event irq 155
[    1.018717] installing Xen timer for CPU 6
[    1.018911] cpu 6 spinlock event irq 161
[    1.018911] installing Xen timer for CPU 7
[    1.018912] cpu 7 spinlock event irq 167
[    1.018912] installing Xen timer for CPU 8
[    1.018922] cpu 8 spinlock event irq 173
[    1.019759] installing Xen timer for CPU 9
[    1.019928] cpu 9 spinlock event irq 179
[    1.019928] installing Xen timer for CPU 10
[    1.019962] cpu 10 spinlock event irq 185
[    1.019962] installing Xen timer for CPU 11
[    1.020739] cpu 11 spinlock event irq 191
[    1.020770] installing Xen timer for CPU 12
[    1.020924] cpu 12 spinlock event irq 197
[    1.020924] installing Xen timer for CPU 13
[    1.020924] cpu 13 spinlock event irq 203
[    1.021688] smp: Brought up 1 node, 14 CPUs
[    1.021692] smpboot: Max logical packages: 1
[    1.021933] devtmpfs: initialized
[    1.021933] x86/mm: Memory block size: 128MB
[    1.022060] ACPI: PM: Registering ACPI NVS region [mem 0x9332f000-0x93f2efff] (12582912 bytes)
[    1.022731] clocksource: jiffies: mask: 0xffffffff max_cycles: 0xffffffff, max_idle_ns: 1911260446275000 ns
[    1.022738] futex hash table entries: 4096 (order: 6, 262144 bytes, linear)
[    1.022806] pinctrl core: initialized pinctrl subsystem
[    1.023387] PM: RTC time: 16:21:41, date: 2022-07-11
[    1.024493] NET: Registered PF_NETLINK/PF_ROUTE protocol family
[    1.024510] xen:grant_table: Grant tables using version 1 layout
[    1.024569] Grant table initialized
[    1.024739] DMA: preallocated 512 KiB GFP_KERNEL pool for atomic allocations
[    1.024745] DMA: preallocated 512 KiB GFP_KERNEL|GFP_DMA pool for atomic allocations
[    1.024751] DMA: preallocated 512 KiB GFP_KERNEL|GFP_DMA32 pool for atomic allocations
[    1.024761] audit: initializing netlink subsys (disabled)
[    1.024773] audit: type=2000 audit(1657556501.630:1): state=initialized audit_enabled=0 res=1
[    1.024773] thermal_sys: Registered thermal governor 'fair_share'
[    1.024773] thermal_sys: Registered thermal governor 'bang_bang'
[    1.024773] thermal_sys: Registered thermal governor 'step_wise'
[    1.024773] thermal_sys: Registered thermal governor 'user_space'
[    1.025734] PCI: MMCONFIG for domain 0000 [bus 00-ff] at [mem 0xc0000000-0xcfffffff] (base 0xc0000000)
[    1.025744] PCI: MMCONFIG at [mem 0xc0000000-0xcfffffff] reserved in E820
[    1.058000] PCI: Using configuration type 1 for base access
[    1.059084] kprobes: kprobe jump-optimization is enabled. All kprobes are optimized if possible.
[    1.059101] cryptd: max_cpu_qlen set to 1000
[    1.059101] raid6: skipped pq benchmark and selected avx2x4
[    1.059101] raid6: using avx2x2 recovery algorithm
[    1.059101] fbcon: Taking over console
[    1.059101] ACPI: Added _OSI(Module Device)
[    1.059101] ACPI: Added _OSI(Processor Device)
[    1.059101] ACPI: Added _OSI(3.0 _SCP Extensions)
[    1.059101] ACPI: Added _OSI(Processor Aggregator Device)
[    1.059101] ACPI: Added _OSI(Linux-Dell-Video)
[    1.059101] ACPI: Added _OSI(Linux-Lenovo-NV-HDMI-Audio)
[    1.059101] ACPI: Added _OSI(Linux-HPI-Hybrid-Graphics)
[    1.162458] ACPI: 18 ACPI AML tables successfully acquired and loaded
[    1.163502] ACPI: EC: EC started
[    1.163505] ACPI: EC: interrupt blocked
[    1.164976] ACPI: EC: EC_CMD/EC_SC=0x66, EC_DATA=0x62
[    1.164979] ACPI: EC: Boot ECDT EC used to handle transactions
[    1.165927] xen: registering gsi 9 triggering 0 polarity 0
[    1.167727] ACPI: [Firmware Bug]: BIOS _OSI(Linux) query ignored
[    1.191165] ACPI: Dynamic OEM Table Load:
[    1.191178] ACPI: SSDT 0xFFFF888101640C00 000394 (v02 PmRef  Cpu0Cst  00003001 INTL 20200717)
[    1.192333] ACPI: Dynamic OEM Table Load:
[    1.192341] ACPI: SSDT 0xFFFF888101638000 00053F (v02 PmRef  Cpu0Ist  00003000 INTL 20200717)
[    1.193402] ACPI: Dynamic OEM Table Load:
[    1.193409] ACPI: SSDT 0xFFFF888100852E00 0001AB (v02 PmRef  Cpu0Psd  00003000 INTL 20200717)
[    1.195268] ACPI: Dynamic OEM Table Load:
[    1.195277] ACPI: SSDT 0xFFFF888101648000 001BAF (v02 PmRef  ApIst    00003000 INTL 20200717)
[    1.197127] ACPI: Dynamic OEM Table Load:
[    1.197136] ACPI: SSDT 0xFFFF88810164C000 001349 (v02 PmRef  ApPsd    00003000 INTL 20200717)
[    1.198761] ACPI: Dynamic OEM Table Load:
[    1.198769] ACPI: SSDT 0xFFFF888101656000 000FBB (v02 PmRef  ApCst    00003000 INTL 20200717)
[    1.205558] ACPI: Interpreter enabled
[    1.205602] ACPI: PM: (supports S0 S3 S5)
[    1.205604] ACPI: Using IOAPIC for interrupt routing
[    1.205651] PCI: Using host bridge windows from ACPI; if necessary, use "pci=nocrs" and report a bug
[    1.207112] ACPI: Enabled 10 GPEs in block 00 to 7F
[    1.208094] ACPI: PM: Power Resource [PXP]
[    1.210974] ACPI: PM: Power Resource [PUBS]
[    1.213851] ACPI: PM: Power Resource [WWPR]
[    1.214366] ACPI: PM: Power Resource [BTRT]
[    1.219039] ACPI: PM: Power Resource [WRST]
[    1.219266] ACPI: PM: Power Resource [PXP]
[    1.220148] ACPI: PM: Power Resource [MRST]
[    1.220160] ACPI: PM: Power Resource [DRST]
[    1.223469] ACPI: PM: Power Resource [PXP]
[    1.234421] ACPI: PM: Power Resource [TBT0]
[    1.234440] ACPI: PM: Power Resource [TBT1]
[    1.234454] ACPI: PM: Power Resource [D3C]
[    1.478034] ACPI: PM: Power Resource [PIN]
[    1.478051] ACPI: PM: Power Resource [PINP]
[    1.478590] ACPI: PCI Root Bridge [PC00] (domain 0000 [bus 00-fe])
[    1.478598] acpi PNP0A08:00: _OSC: OS supports [ExtendedConfig ASPM ClockPM Segments MSI EDR HPX-Type3]
[    1.480302] acpi PNP0A08:00: _OSC: platform does not support [AER]
[    1.483629] acpi PNP0A08:00: _OSC: OS now controls [PME PCIeCapability LTR DPC]
[    1.485471] PCI host bridge to bus 0000:00
[    1.485474] pci_bus 0000:00: root bus resource [io  0x0000-0x0cf7 window]
[    1.485478] pci_bus 0000:00: root bus resource [io  0x0d00-0xffff window]
[    1.485481] pci_bus 0000:00: root bus resource [mem 0x000a0000-0x000bffff window]
[    1.485485] pci_bus 0000:00: root bus resource [mem 0xa0800000-0xbfffffff window]
[    1.485489] pci_bus 0000:00: root bus resource [mem 0x4000000000-0x7fffffffff window]
[    1.485493] pci_bus 0000:00: root bus resource [bus 00-fe]
[    1.485572] pci 0000:00:00.0: [8086:4641] type 00 class 0x060000
[    1.486092] pci 0000:00:02.0: [8086:46a6] type 00 class 0x030000
[    1.486125] pci 0000:00:02.0: reg 0x10: [mem 0x603d000000-0x603dffffff 64bit]
[    1.486149] pci 0000:00:02.0: reg 0x18: [mem 0x4000000000-0x401fffffff 64bit pref]
[    1.486165] pci 0000:00:02.0: reg 0x20: [io  0x2000-0x203f]
[    1.486212] pci 0000:00:02.0: BAR 2: assigned to efifb
[    1.486215] pci 0000:00:02.0: DMAR: Skip IOMMU disabling for graphics
[    1.486224] pci 0000:00:02.0: Video device with shadowed ROM at [mem 0x000c0000-0x000dffff]
[    1.486319] pci 0000:00:02.0: reg 0x344: [mem 0x00000000-0x00ffffff 64bit]
[    1.486322] pci 0000:00:02.0: VF(n) BAR0 space: [mem 0x00000000-0x06ffffff 64bit] (contains BAR0 for 7 VFs)
[    1.486337] pci 0000:00:02.0: reg 0x34c: [mem 0x00000000-0x1fffffff 64bit pref]
[    1.486341] pci 0000:00:02.0: VF(n) BAR2 space: [mem 0x00000000-0xdfffffff 64bit pref] (contains BAR2 for 7 VFs)
[    1.486520] pci 0000:00:04.0: [8086:461d] type 00 class 0x118000
[    1.486555] pci 0000:00:04.0: reg 0x10: [mem 0x603e080000-0x603e09ffff 64bit]
[    1.487011] pci 0000:00:05.0: [8086:465d] type 00 class 0x048000
[    1.487040] pci 0000:00:05.0: reg 0x10: [mem 0x603c000000-0x603cffffff 64bit]
[    1.487099] pci 0000:00:05.0: enabling Extended Tags
[    1.487329] pci 0000:00:06.0: [8086:464d] type 01 class 0x060400
[    1.487788] pci 0000:00:06.0: PME# supported from D0 D3hot D3cold
[    1.487863] pci 0000:00:06.0: PTM enabled (root), 4ns granularity
[    1.488694] pci 0000:00:07.0: [8086:466e] type 01 class 0x060400
[    1.488888] pci 0000:00:07.0: PME# supported from D0 D3hot D3cold
[    1.488930] pci 0000:00:07.0: PTM enabled (root), 4ns granularity
[    1.488937] pci 0000:00:07.0: DPC: RP PIO log size 0 is invalid
[    1.489731] pci 0000:00:07.2: [8086:462f] type 01 class 0x060400
[    1.489924] pci 0000:00:07.2: PME# supported from D0 D3hot D3cold
[    1.489967] pci 0000:00:07.2: PTM enabled (root), 4ns granularity
[    1.489974] pci 0000:00:07.2: DPC: RP PIO log size 0 is invalid
[    1.490831] pci 0000:00:08.0: [8086:464f] type 00 class 0x088000
[    1.490861] pci 0000:00:08.0: reg 0x10: [mem 0x603e0e6000-0x603e0e6fff 64bit]
[    1.491095] pci 0000:00:0a.0: [8086:467d] type 00 class 0x118000
[    1.491126] pci 0000:00:0a.0: reg 0x10: [mem 0x603e0d0000-0x603e0d7fff 64bit]
[    1.491202] pci 0000:00:0a.0: enabling Extended Tags
[    1.491397] pci 0000:00:0d.0: [8086:461e] type 00 class 0x0c0330
[    1.491434] pci 0000:00:0d.0: reg 0x10: [mem 0x603e0c0000-0x603e0cffff 64bit]
[    1.491575] pci 0000:00:0d.0: PME# supported from D3hot D3cold
[    1.491953] pci 0000:00:0d.2: [8086:463e] type 00 class 0x0c0340
[    1.491992] pci 0000:00:0d.2: reg 0x10: [mem 0x603e040000-0x603e07ffff 64bit]
[    1.492019] pci 0000:00:0d.2: reg 0x18: [mem 0x603e0e5000-0x603e0e5fff 64bit]
[    1.492137] pci 0000:00:0d.2: supports D1 D2
[    1.492140] pci 0000:00:0d.2: PME# supported from D0 D1 D2 D3hot D3cold
[    1.492320] pci 0000:00:0d.3: [8086:466d] type 00 class 0x0c0340
[    1.492360] pci 0000:00:0d.3: reg 0x10: [mem 0x603e000000-0x603e03ffff 64bit]
[    1.492386] pci 0000:00:0d.3: reg 0x18: [mem 0x603e0e4000-0x603e0e4fff 64bit]
[    1.492504] pci 0000:00:0d.3: supports D1 D2
[    1.492507] pci 0000:00:0d.3: PME# supported from D0 D1 D2 D3hot D3cold
[    1.492851] pci 0000:00:12.0: [8086:51fc] type 00 class 0x070000
[    1.492913] pci 0000:00:12.0: reg 0x10: [mem 0x603e0b0000-0x603e0bffff 64bit]
[    1.493096] pci 0000:00:12.0: PME# supported from D0 D3hot
[    1.493603] pci 0000:00:14.0: [8086:51ed] type 00 class 0x0c0330
[    1.493701] pci 0000:00:14.0: reg 0x10: [mem 0x603e0a0000-0x603e0affff 64bit]
[    1.493940] pci 0000:00:14.0: PME# supported from D3hot D3cold
[    1.494388] pci 0000:00:14.2: [8086:51ef] type 00 class 0x050000
[    1.494451] pci 0000:00:14.2: reg 0x10: [mem 0x603e0dc000-0x603e0dffff 64bit]
[    1.494499] pci 0000:00:14.2: reg 0x18: [mem 0x603e0e3000-0x603e0e3fff 64bit]
[    1.495638] pci 0000:00:14.3: [8086:51f0] type 00 class 0x028000
[    1.496523] pci 0000:00:14.3: reg 0x10: [mem 0x603e0d8000-0x603e0dbfff 64bit]
[    1.500769] pci 0000:00:14.3: PME# supported from D0 D3hot D3cold
[    1.503249] pci 0000:00:15.0: [8086:51e8] type 00 class 0x0c8000
[    1.504076] pci 0000:00:15.0: reg 0x10: [mem 0x00000000-0x00000fff 64bit]
[    1.508361] pci 0000:00:16.0: [8086:51e0] type 00 class 0x078000
[    1.508428] pci 0000:00:16.0: reg 0x10: [mem 0x603e0e1000-0x603e0e1fff 64bit]
[    1.508633] pci 0000:00:16.0: PME# supported from D3hot
[    1.509408] pci 0000:00:1f.0: [8086:5182] type 00 class 0x060100
[    1.510079] pci 0000:00:1f.4: [8086:51a3] type 00 class 0x0c0500
[    1.510207] pci 0000:00:1f.4: reg 0x10: [mem 0x603e0e0000-0x603e0e00ff 64bit]
[    1.510346] pci 0000:00:1f.4: reg 0x20: [io  0xefa0-0xefbf]
[    1.510897] pci 0000:00:1f.5: [8086:51a4] type 00 class 0x0c8000
[    1.510950] pci 0000:00:1f.5: reg 0x10: [mem 0xfe010000-0xfe010fff]
[    1.511443] pci 0000:04:00.0: [1e95:1007] type 00 class 0x010802
[    1.511480] pci 0000:04:00.0: reg 0x10: [mem 0xbc200000-0xbc203fff 64bit]
[    1.511817] pci 0000:00:06.0: PCI bridge to [bus 04]
[    1.511828] pci 0000:00:06.0:   bridge window [mem 0xbc200000-0xbc2fffff]
[    1.511900] pci 0000:00:07.0: PCI bridge to [bus 20-49]
[    1.511911] pci 0000:00:07.0:   bridge window [mem 0xb0000000-0xbc1fffff]
[    1.511923] pci 0000:00:07.0:   bridge window [mem 0x6000000000-0x601bffffff 64bit pref]
[    1.511988] pci 0000:00:07.2: PCI bridge to [bus 50-79]
[    1.511999] pci 0000:00:07.2:   bridge window [mem 0xa2000000-0xae1fffff]
[    1.512011] pci 0000:00:07.2:   bridge window [mem 0x6020000000-0x603bffffff 64bit pref]
[    1.515411] xen: registering gsi 14 triggering 0 polarity 1
[    1.527844] ACPI: EC: interrupt unblocked
[    1.527847] ACPI: EC: event unblocked
[    1.527909] ACPI: EC: EC_CMD/EC_SC=0x66, EC_DATA=0x62
[    1.527912] ACPI: EC: GPE=0x6e
[    1.527914] ACPI: \_SB_.PC00.LPCB.EC__: Boot ECDT EC initialization complete
[    1.527918] ACPI: \_SB_.PC00.LPCB.EC__: EC: Used to handle transactions and events
[    1.527974] xen:balloon: Initialising balloon driver
[    1.527988] iommu: Default domain type: Translated 
[    1.527988] iommu: DMA domain TLB invalidation policy: lazy mode 
[    1.527988] SCSI subsystem initialized
[    1.527988] libata version 3.00 loaded.
[    1.527988] ACPI: bus type USB registered
[    1.527988] usbcore: registered new interface driver usbfs
[    1.527988] usbcore: registered new interface driver hub
[    1.527988] usbcore: registered new device driver usb
[    1.527988] pps_core: LinuxPPS API ver. 1 registered
[    1.527988] pps_core: Software ver. 5.3.6 - Copyright 2005-2007 Rodolfo Giometti <giometti@linux.it>
[    1.527988] PTP clock support registered
[    1.527988] EDAC MC: Ver: 3.0.0
[    1.528794] Registered efivars operations
[    1.528794] NetLabel: Initializing
[    1.528794] NetLabel:  domain hash size = 128
[    1.528794] NetLabel:  protocols = UNLABELED CIPSOv4 CALIPSO
[    1.528797] NetLabel:  unlabeled traffic allowed by default
[    1.528802] mctp: management component transport protocol core
[    1.528805] NET: Registered PF_MCTP protocol family
[    1.528809] PCI: Using ACPI for IRQ routing
[    1.629162] PCI: pci_cache_line_size set to 64 bytes
[    1.629442] pci 0000:00:1f.5: can't claim BAR 0 [mem 0xfe010000-0xfe010fff]: no compatible bridge window
[    1.629667] e820: reserve RAM buffer [mem 0x0009f000-0x0009ffff]
[    1.629667] e820: reserve RAM buffer [mem 0x8e36f000-0x8fffffff]
[    1.629667] e820: reserve RAM buffer [mem 0x171cf1000-0x173ffffff]
[    1.629698] pci 0000:00:02.0: vgaarb: setting as boot VGA device
[    1.629698] pci 0000:00:02.0: vgaarb: bridge control possible
[    1.629698] pci 0000:00:02.0: vgaarb: VGA device added: decodes=io+mem,owns=mem,locks=none
[    1.629698] vgaarb: loaded
[    1.629884] clocksource: Switched to clocksource tsc-early
[    1.635625] VFS: Disk quotas dquot_6.6.0
[    1.635633] VFS: Dquot-cache hash table entries: 512 (order 0, 4096 bytes)
[    1.635647] hugetlbfs: disabling because there are no supported hugepage sizes
[    1.635694] pnp: PnP ACPI init
[    1.638025] system 00:00: [io  0x0680-0x069f] has been reserved
[    1.638029] system 00:00: [io  0x164e-0x164f] has been reserved
[    1.638150] system 00:01: [io  0x1854-0x1857] has been reserved
[    1.638158] xen: registering gsi 1 triggering 1 polarity 0
[    1.638313] xen: registering gsi 12 triggering 1 polarity 0
[    1.638500] pnp 00:04: disabling [mem 0xc0000000-0xcfffffff] because it overlaps 0000:00:02.0 BAR 9 [mem 0x00000000-0xdfffffff 64bit pref]
[    1.638526] system 00:04: [io  0x1800-0x189f] could not be reserved
[    1.638530] system 00:04: [io  0x0800-0x087f] has been reserved
[    1.638533] system 00:04: [io  0x0880-0x08ff] has been reserved
[    1.638536] system 00:04: [io  0x0900-0x097f] has been reserved
[    1.638539] system 00:04: [io  0x0980-0x09ff] has been reserved
[    1.638542] system 00:04: [io  0x0a00-0x0a7f] has been reserved
[    1.638545] system 00:04: [io  0x0a80-0x0aff] has been reserved
[    1.638548] system 00:04: [io  0x0b00-0x0b7f] has been reserved
[    1.638551] system 00:04: [io  0x0b80-0x0bff] has been reserved
[    1.638554] system 00:04: [io  0x15e0-0x15ef] has been reserved
[    1.638557] system 00:04: [io  0x1600-0x167f] could not be reserved
[    1.638561] system 00:04: [io  0x1640-0x165f] could not be reserved
[    1.638565] system 00:04: [mem 0xfed10000-0xfed13fff] has been reserved
[    1.638568] system 00:04: [mem 0xfed18000-0xfed18fff] has been reserved
[    1.638572] system 00:04: [mem 0xfed19000-0xfed19fff] has been reserved
[    1.638575] system 00:04: [mem 0xfeb00000-0xfebfffff] has been reserved
[    1.638578] system 00:04: [mem 0xfed20000-0xfed3ffff] has been reserved
[    1.638582] system 00:04: [mem 0xfed90000-0xfed93fff] could not be reserved
[    1.639172] pnp 00:05: disabling [mem 0xc0000000-0xcfffffff] because it overlaps 0000:00:02.0 BAR 9 [mem 0x00000000-0xdfffffff 64bit pref]
[    1.639189] system 00:05: [mem 0xfedc0000-0xfedc7fff] has been reserved
[    1.639193] system 00:05: [mem 0xfeda0000-0xfeda0fff] has been reserved
[    1.639196] system 00:05: [mem 0xfeda1000-0xfeda1fff] has been reserved
[    1.639199] system 00:05: [mem 0xfed20000-0xfed7ffff] could not be reserved
[    1.639202] system 00:05: [mem 0xfed90000-0xfed93fff] could not be reserved
[    1.639206] system 00:05: [mem 0xfed45000-0xfed8ffff] could not be reserved
[    1.639209] system 00:05: [mem 0xfee00000-0xfeefffff] has been reserved
[    1.640066] system 00:06: [io  0xff00-0xfffe] has been reserved
[    1.640947] pnp 00:08: disabling [mem 0x000c0000-0x000c3fff] because it overlaps 0000:00:02.0 BAR 6 [mem 0x000c0000-0x000dffff]
[    1.640953] pnp 00:08: disabling [mem 0x000c8000-0x000cbfff] because it overlaps 0000:00:02.0 BAR 6 [mem 0x000c0000-0x000dffff]
[    1.640958] pnp 00:08: disabling [mem 0x000d0000-0x000d3fff] because it overlaps 0000:00:02.0 BAR 6 [mem 0x000c0000-0x000dffff]
[    1.640963] pnp 00:08: disabling [mem 0x000d8000-0x000dbfff] because it overlaps 0000:00:02.0 BAR 6 [mem 0x000c0000-0x000dffff]
[    1.640968] pnp 00:08: disabling [mem 0x00000000-0x0009ffff] because it overlaps 0000:00:02.0 BAR 7 [mem 0x00000000-0x06ffffff 64bit]
[    1.640974] pnp 00:08: disabling [mem 0x000c0000-0x000c3fff disabled] because it overlaps 0000:00:02.0 BAR 7 [mem 0x00000000-0x06ffffff 64bit]
[    1.640980] pnp 00:08: disabling [mem 0x000c8000-0x000cbfff disabled] because it overlaps 0000:00:02.0 BAR 7 [mem 0x00000000-0x06ffffff 64bit]
[    1.640985] pnp 00:08: disabling [mem 0x000d0000-0x000d3fff disabled] because it overlaps 0000:00:02.0 BAR 7 [mem 0x00000000-0x06ffffff 64bit]
[    1.640991] pnp 00:08: disabling [mem 0x000d8000-0x000dbfff disabled] because it overlaps 0000:00:02.0 BAR 7 [mem 0x00000000-0x06ffffff 64bit]
[    1.640996] pnp 00:08: disabling [mem 0x000e0000-0x000e3fff] because it overlaps 0000:00:02.0 BAR 7 [mem 0x00000000-0x06ffffff 64bit]
[    1.641001] pnp 00:08: disabling [mem 0x000e8000-0x000ebfff] because it overlaps 0000:00:02.0 BAR 7 [mem 0x00000000-0x06ffffff 64bit]
[    1.641006] pnp 00:08: disabling [mem 0x000f0000-0x000fffff] because it overlaps 0000:00:02.0 BAR 7 [mem 0x00000000-0x06ffffff 64bit]
[    1.641011] pnp 00:08: disabling [mem 0x00100000-0xa07fffff] because it overlaps 0000:00:02.0 BAR 7 [mem 0x00000000-0x06ffffff 64bit]
[    1.641016] pnp 00:08: disabling [mem 0x00000000-0x0009ffff disabled] because it overlaps 0000:00:02.0 BAR 9 [mem 0x00000000-0xdfffffff 64bit pref]
[    1.641022] pnp 00:08: disabling [mem 0x000c0000-0x000c3fff disabled] because it overlaps 0000:00:02.0 BAR 9 [mem 0x00000000-0xdfffffff 64bit pref]
[    1.641027] pnp 00:08: disabling [mem 0x000c8000-0x000cbfff disabled] because it overlaps 0000:00:02.0 BAR 9 [mem 0x00000000-0xdfffffff 64bit pref]
[    1.641033] pnp 00:08: disabling [mem 0x000d0000-0x000d3fff disabled] because it overlaps 0000:00:02.0 BAR 9 [mem 0x00000000-0xdfffffff 64bit pref]
[    1.641038] pnp 00:08: disabling [mem 0x000d8000-0x000dbfff disabled] because it overlaps 0000:00:02.0 BAR 9 [mem 0x00000000-0xdfffffff 64bit pref]
[    1.641044] pnp 00:08: disabling [mem 0x000e0000-0x000e3fff disabled] because it overlaps 0000:00:02.0 BAR 9 [mem 0x00000000-0xdfffffff 64bit pref]
[    1.641049] pnp 00:08: disabling [mem 0x000e8000-0x000ebfff disabled] because it overlaps 0000:00:02.0 BAR 9 [mem 0x00000000-0xdfffffff 64bit pref]
[    1.641054] pnp 00:08: disabling [mem 0x000f0000-0x000fffff disabled] because it overlaps 0000:00:02.0 BAR 9 [mem 0x00000000-0xdfffffff 64bit pref]
[    1.641060] pnp 00:08: disabling [mem 0x00100000-0xa07fffff disabled] because it overlaps 0000:00:02.0 BAR 9 [mem 0x00000000-0xdfffffff 64bit pref]
[    1.641075] system 00:08: [mem 0xfec00000-0xfed3ffff] could not be reserved
[    1.641078] system 00:08: [mem 0xfed4c000-0xffffffff] could not be reserved
[    1.641254] pnp: PnP ACPI: found 9 devices
[    1.649450] PM-Timer failed consistency check  (0xffffff) - aborting.
[    1.649490] NET: Registered PF_INET protocol family
[    1.649511] IP idents hash table entries: 65536 (order: 7, 524288 bytes, linear)
[    1.649830] tcp_listen_portaddr_hash hash table entries: 2048 (order: 3, 32768 bytes, linear)
[    1.649840] Table-perturb hash table entries: 65536 (order: 6, 262144 bytes, linear)
[    1.649845] TCP established hash table entries: 32768 (order: 6, 262144 bytes, linear)
[    1.649879] TCP bind hash table entries: 32768 (order: 7, 524288 bytes, linear)
[    1.649936] TCP: Hash tables configured (established 32768 bind 32768)
[    1.649969] MPTCP token hash table entries: 4096 (order: 4, 98304 bytes, linear)
[    1.650006] UDP hash table entries: 2048 (order: 4, 65536 bytes, linear)
[    1.650024] UDP-Lite hash table entries: 2048 (order: 4, 65536 bytes, linear)
[    1.650056] NET: Registered PF_UNIX/PF_LOCAL protocol family
[    1.650063] NET: Registered PF_XDP protocol family
[    1.650070] pci 0000:00:07.0: bridge window [io  0x1000-0x0fff] to [bus 20-49] add_size 1000
[    1.650076] pci 0000:00:07.2: bridge window [io  0x1000-0x0fff] to [bus 50-79] add_size 1000
[    1.650085] pci 0000:00:02.0: BAR 9: assigned [mem 0x4020000000-0x40ffffffff 64bit pref]
[    1.650094] pci 0000:00:02.0: BAR 7: assigned [mem 0x4100000000-0x4106ffffff 64bit]
[    1.650102] pci 0000:00:07.0: BAR 13: assigned [io  0x3000-0x3fff]
[    1.650106] pci 0000:00:07.2: BAR 13: assigned [io  0x4000-0x4fff]
[    1.650109] pci 0000:00:15.0: BAR 0: assigned [mem 0x4107000000-0x4107000fff 64bit]
[    1.650523] pci 0000:00:1f.5: BAR 0: assigned [mem 0xa0800000-0xa0800fff]
[    1.650566] pci 0000:00:06.0: PCI bridge to [bus 04]
[    1.650586] pci 0000:00:06.0:   bridge window [mem 0xbc200000-0xbc2fffff]
[    1.650622] pci 0000:00:07.0: PCI bridge to [bus 20-49]
[    1.650627] pci 0000:00:07.0:   bridge window [io  0x3000-0x3fff]
[    1.650636] pci 0000:00:07.0:   bridge window [mem 0xb0000000-0xbc1fffff]
[    1.650643] pci 0000:00:07.0:   bridge window [mem 0x6000000000-0x601bffffff 64bit pref]
[    1.650656] pci 0000:00:07.2: PCI bridge to [bus 50-79]
[    1.650660] pci 0000:00:07.2:   bridge window [io  0x4000-0x4fff]
[    1.650676] pci 0000:00:07.2:   bridge window [mem 0xa2000000-0xae1fffff]
[    1.650683] pci 0000:00:07.2:   bridge window [mem 0x6020000000-0x603bffffff 64bit pref]
[    1.650696] pci_bus 0000:00: resource 4 [io  0x0000-0x0cf7 window]
[    1.650699] pci_bus 0000:00: resource 5 [io  0x0d00-0xffff window]
[    1.650702] pci_bus 0000:00: resource 6 [mem 0x000a0000-0x000bffff window]
[    1.650706] pci_bus 0000:00: resource 7 [mem 0xa0800000-0xbfffffff window]
[    1.650709] pci_bus 0000:00: resource 8 [mem 0x4000000000-0x7fffffffff window]
[    1.650713] pci_bus 0000:04: resource 1 [mem 0xbc200000-0xbc2fffff]
[    1.650716] pci_bus 0000:20: resource 0 [io  0x3000-0x3fff]
[    1.650719] pci_bus 0000:20: resource 1 [mem 0xb0000000-0xbc1fffff]
[    1.650722] pci_bus 0000:20: resource 2 [mem 0x6000000000-0x601bffffff 64bit pref]
[    1.650726] pci_bus 0000:50: resource 0 [io  0x4000-0x4fff]
[    1.650728] pci_bus 0000:50: resource 1 [mem 0xa2000000-0xae1fffff]
[    1.650731] pci_bus 0000:50: resource 2 [mem 0x6020000000-0x603bffffff 64bit pref]
[    1.651066] xen: registering gsi 16 triggering 0 polarity 1
[    1.651079] xen: --> pirq=16 -> irq=16 (gsi=16)
[    1.651644] PCI: CLS 0 bytes, default 64
[    1.651701] clocksource: tsc: mask: 0xffffffffffffffff max_cycles: 0x3990e0c2f21, max_idle_ns: 881590693148 ns
[    1.651759] clocksource: Switched to clocksource tsc
[    1.651774] platform rtc_cmos: registered platform RTC device (no PNP device found)
[    1.651790] Trying to unpack rootfs image as initramfs...
[    1.710544] Initialise system trusted keyrings
[    1.710555] Key type blacklist registered
[    1.710600] workingset: timestamp_bits=36 max_order=20 bucket_order=0
[    1.711456] zbud: loaded
[    1.711978] integrity: Platform Keyring initialized
[    1.711988] integrity: Machine keyring initialized
[    1.720908] NET: Registered PF_ALG protocol family
[    1.720913] xor: automatically using best checksumming function   avx       
[    1.720918] Key type asymmetric registered
[    1.720921] Asymmetric key parser 'x509' registered
[    2.107663] Freeing initrd memory: 33700K
[    2.113546] alg: self-tests for CTR-KDF (hmac(sha256)) passed
[    2.113581] Block layer SCSI generic (bsg) driver version 0.4 loaded (major 244)
[    2.113665] io scheduler mq-deadline registered
[    2.113668] io scheduler kyber registered
[    2.113692] io scheduler bfq registered
[    2.115492] atomic64_test: passed for x86-64 platform with CX8 and with SSE
[    2.116100] xen: registering gsi 19 triggering 0 polarity 1
[    2.116123] xen: --> pirq=19 -> irq=19 (gsi=19)
[    2.116448] pcieport 0000:00:06.0: PME: Signaling with IRQ 206
[    2.116764] xen: registering gsi 16 triggering 0 polarity 1
[    2.116767] Already setup the GSI :16
[    2.116864] pcieport 0000:00:07.0: PME: Signaling with IRQ 207
[    2.117059] xen: registering gsi 18 triggering 0 polarity 1
[    2.117067] xen: --> pirq=18 -> irq=18 (gsi=18)
[    2.117286] pcieport 0000:00:07.2: PME: Signaling with IRQ 208
[    2.117699] Monitor-Mwait will be used to enter C-1 state
[    2.117718] Monitor-Mwait will be used to enter C-2 state
[    2.117736] Monitor-Mwait will be used to enter C-3 state
[    2.117747] ACPI: \_SB_.PR00: Found 3 idle states
[    2.117757] intel_idle: intel_idle yielding to none
[    2.119644] ACPI: AC: AC Adapter [AC] (on-line)
[    2.119720] input: Sleep Button as /devices/LNXSYSTM:00/LNXSYBUS:00/PNP0C0E:00/input/input0
[    2.119761] ACPI: button: Sleep Button [SLPB]
[    2.119789] input: Lid Switch as /devices/LNXSYSTM:00/LNXSYBUS:00/PNP0C0D:00/input/input1
[    2.119813] ACPI: button: Lid Switch [LID]
[    2.119832] input: Power Button as /devices/LNXSYSTM:00/LNXSYBUS:00/PNP0C0C:00/input/input2
[    2.119849] ACPI: button: Power Button [PWRB]
[    2.120074] ACPI: \_SB_.PR00: Found 3 idle states
[    2.120330] ACPI: \_SB_.PR01: Found 3 idle states
[    2.120575] ACPI: \_SB_.PR02: Found 3 idle states
[    2.120828] ACPI: \_SB_.PR03: Found 3 idle states
[    2.120993] ACPI: \_SB_.PR04: Found 3 idle states
[    2.121225] ACPI: \_SB_.PR05: Found 3 idle states
[    2.121477] ACPI: \_SB_.PR06: Found 3 idle states
[    2.121728] ACPI: \_SB_.PR07: Found 3 idle states
[    2.121950] ACPI: \_SB_.PR08: Found 3 idle states
[    2.122304] ACPI: \_SB_.PR09: Found 3 idle states
[    2.122726] ACPI: \_SB_.PR10: Found 3 idle states
[    2.123014] ACPI: \_SB_.PR11: Found 3 idle states
[    2.123249] ACPI: \_SB_.PR12: Found 3 idle states
[    2.123614] ACPI: \_SB_.PR13: Found 3 idle states
[    2.141819] thermal LNXTHERM:00: registered as thermal_zone0
[    2.141828] ACPI: thermal: Thermal Zone [THM0] (60 C)
[    2.142740] Serial: 8250/16550 driver, 32 ports, IRQ sharing enabled
[    2.144422] serial 0000:00:12.0: enabling device (0000 -> 0002)
[    2.144575] xen: registering gsi 26 triggering 0 polarity 1
[    2.144593] xen: --> pirq=26 -> irq=26 (gsi=26)
[    2.145115] hpet_acpi_add: no address or irqs in _CRS
[    2.145173] Non-volatile memory driver v1.3
[    2.145181] Linux agpgart interface v0.103
[    2.152896] tpm_tis NTC0702:00: 2.0 TPM (device-id 0xFC, rev-id 1)
[    2.170098] ACPI: bus type drm_connector registered
[    2.183746] intel-lpss 0000:00:15.0: enabling device (0000 -> 0002)
[    2.183895] xen: registering gsi 27 triggering 0 polarity 1
[    2.183912] xen: --> pirq=27 -> irq=27 (gsi=27)
[    2.198068] usbcore: registered new interface driver usbserial_generic
[    2.198076] usbserial: USB Serial support registered for generic
[    2.198095] i8042: PNP: PS/2 Controller [PNP0303:KBD,PNP0f13:MOU] at 0x60,0x64 irq 1,12
[    2.200447] serio: i8042 KBD port at 0x60,0x64 irq 1
[    2.200452] serio: i8042 AUX port at 0x60,0x64 irq 12
[    2.200523] mousedev: PS/2 mouse device common for all mice
[    2.200704] rtc_cmos rtc_cmos: RTC can wake from S4
[    2.202765] rtc_cmos rtc_cmos: registered as rtc0
[    2.203019] rtc_cmos rtc_cmos: setting system clock to 2022-07-11T16:21:42 UTC (1657556502)
[    2.203036] rtc_cmos rtc_cmos: alarms up to one month, y3k, 114 bytes nvram
[    2.203055] device-mapper: core: CONFIG_IMA_DISABLE_HTABLE is disabled. Duplicate IMA measurements will not be recorded in the IMA log.
[    2.203079] device-mapper: uevent: version 1.0.3
[    2.203187] device-mapper: ioctl: 4.46.0-ioctl (2022-02-22) initialised: dm-devel@redhat.com
[    2.203344] intel_pstate: CPU model not supported
[    2.203877] sysfb: VRAM smaller than advertised
[    2.203883] input: AT Translated Set 2 keyboard as /devices/platform/i8042/serio0/input/input3
[    2.203902] efifb: probing for efifb
[    2.205505] efifb: No BGRT, not showing boot graphics
[    2.205509] efifb: framebuffer at 0x4000000000, using 11392k, total 11390k
[    2.205513] efifb: mode is 2160x1350x32, linelength=8640, pages=1
[    2.205517] efifb: scrolling: redraw
[    2.205519] efifb: Truecolor: size=8:8:8:8, shift=24:16:8:0
[    2.205653] Console: switching to colour frame buffer device 270x84
[    2.209075] fb0: EFI VGA frame buffer device
[    2.280724] ACPI: battery: Slot [BAT0] (battery present)
[    2.288692] pstore: Registered efi as persistent store backend
[    2.288719] hid: raw HID events driver (C) Jiri Kosina
[    2.288753] usbcore: registered new interface driver usbhid
[    2.288771] usbhid: USB HID core driver
[    2.288972] intel_pmc_core INT33A1:00:  initialized
[    2.289137] drop_monitor: Initializing network drop monitor service
[    2.289212] Initializing XFRM netlink socket
[    2.289282] NET: Registered PF_INET6 protocol family
[    2.294237] Segment Routing with IPv6
[    2.294245] RPL Segment Routing with IPv6
[    2.294258] In-situ OAM (IOAM) with IPv6
[    2.294279] mip6: Mobile IPv6
[    2.294289] NET: Registered PF_PACKET protocol family
[    2.295143] IPI shorthand broadcast: enabled
[    2.295156] AVX2 version of gcm_enc/dec engaged.
[    2.295691] AES CTR mode by8 optimization enabled
[    2.296026] sched_clock: Marking stable (2253321312, 42697188)->(2313853376, -17834876)
[    2.296408] registered taskstats version 1
[    2.297016] Loading compiled-in X.509 certificates
[    2.314150] Loaded X.509 cert 'Build time autogenerated kernel key: 48b55b1ff4fc26f8ce3372acb117afb504ee5796'
[    2.316699] zswap: loaded using pool lzo/zbud
[    2.316938] page_owner is disabled
[    2.316990] Key type ._fscrypt registered
[    2.317001] Key type .fscrypt registered
[    2.317011] Key type fscrypt-provisioning registered
[    2.317189] Btrfs loaded, crc32c=crc32c-generic, zoned=yes, fsverity=yes
[    2.317441] pstore: Using crash dump compression: deflate
[    2.317461] Key type big_key registered
[    2.318587] Key type trusted registered
[    2.322983] Key type encrypted registered
[    2.323849] integrity: Loading X.509 certificate: UEFI:db
[    2.323874] integrity: Loaded X.509 cert 'Lenovo Ltd.: ThinkPad Product CA 2012: 838b1f54c1550463f45f98700640f11069265949'
[    2.323898] integrity: Loading X.509 certificate: UEFI:db
[    2.323928] integrity: Loaded X.509 cert 'Lenovo UEFI CA 2014: 4b91a68732eaefdd2c8ffffc6b027ec3449e9c8f'
[    2.323954] integrity: Loading X.509 certificate: UEFI:db
[    2.323994] integrity: Loaded X.509 cert 'Microsoft Windows Production PCA 2011: a92902398e16c49778cd90f99e4f9ae17c55af53'
[    2.325496] Loading compiled-in module X.509 certificates
[    2.325891] Loaded X.509 cert 'Build time autogenerated kernel key: 48b55b1ff4fc26f8ce3372acb117afb504ee5796'
[    2.325912] ima: Allocated hash algorithm: sha256
[    2.356432] ima: No architecture policies found
[    2.356490] evm: Initialising EVM extended attributes:
[    2.356520] evm: security.selinux
[    2.356540] evm: security.SMACK64 (disabled)
[    2.356566] evm: security.SMACK64EXEC (disabled)
[    2.356595] evm: security.SMACK64TRANSMUTE (disabled)
[    2.356627] evm: security.SMACK64MMAP (disabled)
[    2.356656] evm: security.apparmor
[    2.356700] evm: security.ima
[    2.356719] evm: security.capability
[    2.356738] evm: HMAC attrs: 0x1
[    2.403911] alg: No test for 842 (842-scomp)
[    2.403970] alg: No test for 842 (842-generic)
[    2.477663] PM:   Magic number: 14:352:388
[    2.477689] thermal cooling_device3: hash matches
[    2.477727] platform ACPI0007:38: hash matches
[    2.477747] acpi ACPI0007:38: hash matches
[    2.477758] acpi ACPI0007:0b: hash matches
[    2.478982] RAS: Correctable Errors collector initialized.
[    2.486470] Freeing unused decrypted memory: 2036K
[    2.488339] Freeing unused kernel image (initmem) memory: 3224K
[    2.494777] Write protecting the kernel read-only data: 24576k
[    2.503857] Freeing unused kernel image (text/rodata gap) memory: 2036K
[    2.505121] Freeing unused kernel image (rodata/data gap) memory: 20K
[    2.506152] rodata_test: all tests were successful
[    2.507105] Run /init as init process
[    2.507921]   with arguments:
[    2.507922]     /init
[    2.507923]     placeholder
[    2.507923]     rhgb
[    2.507924]   with environment:
[    2.507924]     HOME=/
[    2.507924]     TERM=linux
[    2.611956] systemd[1]: systemd v245.9-1.fc32 running in system mode. (+PAM +AUDIT +SELINUX +IMA -APPARMOR +SMACK +SYSVINIT +UTMP +LIBCRYPTSETUP +GCRYPT +GNUTLS +ACL +XZ +LZ4 +SECCOMP +BLKID +ELFUTILS +KMOD +IDN2 -IDN +PCRE2 default-hierarchy=unified)
[    2.613272] systemd[1]: Detected architecture x86-64.
[    2.614459] systemd[1]: Running in initial RAM disk.
[    2.618050] systemd[1]: Set hostname to <dom0>.
[    2.693135] systemd[1]: Created slice system-systemd\x2dcryptsetup.slice.
[    2.695608] systemd[1]: Reached target Local File Systems.
[    2.697529] systemd[1]: Reached target Slices.
[    2.699119] systemd[1]: Reached target Swap.
[    2.700677] systemd[1]: Reached target Timers.
[    2.702401] systemd[1]: Listening on Journal Audit Socket.
[    2.703816] psmouse serio1: trackpoint: Elan TrackPoint firmware: 0x62, buttons: 3/3
[    2.704864] systemd[1]: Listening on Journal Socket (/dev/log).
[    2.706558] systemd[1]: Listening on Journal Socket.
[    2.708260] systemd[1]: Listening on udev Control Socket.
[    2.709919] systemd[1]: Listening on udev Kernel Socket.
[    2.711556] systemd[1]: Reached target Sockets.
[    2.714202] systemd[1]: Starting Create list of static device nodes for the current kernel...
[    2.717520] systemd[1]: Starting Journal Service...
[    2.718892] input: TPPS/2 Elan TrackPoint as /devices/platform/i8042/serio1/input/input5
[    2.721090] systemd[1]: Starting Load Kernel Modules...
[    2.723703] systemd[1]: Starting Setup Virtual Console...
[    2.725862] systemd[1]: Finished Create list of static device nodes for the current kernel.
[    2.728578] systemd[1]: Starting Create Static Device Nodes in /dev...
[    2.740543] systemd[1]: Finished Create Static Device Nodes in /dev.
[    2.742323] audit: type=1130 audit(1657556503.038:2): pid=1 uid=0 auid=4294967295 ses=4294967295 msg='unit=systemd-tmpfiles-setup-dev comm="systemd" exe="/usr/lib/systemd/systemd" hostname=? addr=? terminal=? res=success'
[    2.750505] xen:xen_evtchn: Event-channel device installed
[    2.757403] xen_pciback: backend is vpci
[    2.762254] xen_acpi_processor: Uploading Xen processor PM info
[    2.764794] systemd[1]: Started Journal Service.
[    2.767157] audit: type=1130 audit(1657556503.063:3): pid=1 uid=0 auid=4294967295 ses=4294967295 msg='unit=systemd-journald comm="systemd" exe="/usr/lib/systemd/systemd" hostname=? addr=? terminal=? res=success'
[    2.776352] audit: type=1130 audit(1657556503.072:4): pid=1 uid=0 auid=4294967295 ses=4294967295 msg='unit=systemd-modules-load comm="systemd" exe="/usr/lib/systemd/systemd" hostname=? addr=? terminal=? res=success'
[    2.785087] audit: type=1130 audit(1657556503.081:5): pid=1 uid=0 auid=4294967295 ses=4294967295 msg='unit=systemd-tmpfiles-setup comm="systemd" exe="/usr/lib/systemd/systemd" hostname=? addr=? terminal=? res=success'
[    2.787255] audit: type=1130 audit(1657556503.083:6): pid=1 uid=0 auid=4294967295 ses=4294967295 msg='unit=systemd-sysctl comm="systemd" exe="/usr/lib/systemd/systemd" hostname=? addr=? terminal=? res=success'
[    2.803065] audit: type=1130 audit(1657556503.099:7): pid=1 uid=0 auid=4294967295 ses=4294967295 msg='unit=systemd-vconsole-setup comm="systemd" exe="/usr/lib/systemd/systemd" hostname=? addr=? terminal=? res=success'
[    2.875034] pciback 0000:00:0d.0: xen_pciback: seizing device
[    2.876824] pciback 0000:00:0d.2: xen_pciback: seizing device
[    2.878365] xen: registering gsi 16 triggering 0 polarity 1
[    2.878374] Already setup the GSI :16
[    2.879863] pciback 0000:00:0d.3: xen_pciback: seizing device
[    2.881001] xen: registering gsi 16 triggering 0 polarity 1
[    2.881004] Already setup the GSI :16
[    2.882261] pciback 0000:00:14.0: xen_pciback: seizing device
[    2.883485] xen: registering gsi 16 triggering 0 polarity 1
[    2.883487] Already setup the GSI :16
[    2.884860] pciback 0000:00:14.3: xen_pciback: seizing device
[    2.887264] xen: registering gsi 16 triggering 0 polarity 1
[    2.887266] Already setup the GSI :16
[    3.232416] audit: type=1130 audit(1657556503.528:8): pid=1 uid=0 auid=4294967295 ses=4294967295 msg='unit=dracut-cmdline comm="systemd" exe="/usr/lib/systemd/systemd" hostname=? addr=? terminal=? res=success'
[    3.312939] audit: type=1130 audit(1657556503.609:9): pid=1 uid=0 auid=4294967295 ses=4294967295 msg='unit=dracut-pre-udev comm="systemd" exe="/usr/lib/systemd/systemd" hostname=? addr=? terminal=? res=success'
[    3.314602] audit: type=1334 audit(1657556503.610:10): prog-id=6 op=LOAD
[    3.521335] xen: registering gsi 56 triggering 0 polarity 1
[    3.521361] xen: --> pirq=56 -> irq=56 (gsi=56)
[    3.602820] input: ELAN0670:00 04F3:3150 Mouse as /devices/pci0000:00/0000:00:15.0/i2c_designware.0/i2c-0/i2c-ELAN0670:00/0018:04F3:3150.0001/input/input6
[    3.605093] input: ELAN0670:00 04F3:3150 Touchpad as /devices/pci0000:00/0000:00:15.0/i2c_designware.0/i2c-0/i2c-ELAN0670:00/0018:04F3:3150.0001/input/input8
[    3.607173] hid-generic 0018:04F3:3150.0001: input,hidraw0: I2C HID v1.00 Mouse [ELAN0670:00 04F3:3150] on i2c-ELAN0670:00
[    3.611010] xen: registering gsi 26 triggering 0 polarity 1
[    3.611018] Already setup the GSI :26
[    3.612690] nvme 0000:04:00.0: platform quirk: setting simple suspend
[    3.615103] nvme nvme0: pci function 0000:04:00.0
[    3.617171] xen: registering gsi 16 triggering 0 polarity 1
[    3.617177] Already setup the GSI :16
[    3.708989] nvme nvme0: allocated 64 MiB host memory buffer.
[    3.730485] input: ELAN0670:00 04F3:3150 Mouse as /devices/pci0000:00/0000:00:15.0/i2c_designware.0/i2c-0/i2c-ELAN0670:00/0018:04F3:3150.0001/input/input9
[    3.731576] nvme nvme0: 12/0/0 default/read/poll queues
[    3.733735] input: ELAN0670:00 04F3:3150 Touchpad as /devices/pci0000:00/0000:00:15.0/i2c_designware.0/i2c-0/i2c-ELAN0670:00/0018:04F3:3150.0001/input/input11
[    3.739571] hid-multitouch 0018:04F3:3150.0001: input,hidraw0: I2C HID v1.00 Mouse [ELAN0670:00 04F3:3150] on i2c-ELAN0670:00
[    3.745399]  nvme0n1: p1 p2 p3
[    3.908559] i915: unknown parameter 'alpha_support' ignored
[    3.913218] i915 0000:00:02.0: enabling device (0006 -> 0007)
[    3.915530] xen: registering gsi 16 triggering 0 polarity 1
[    3.915539] Already setup the GSI :16
[    3.919516] i915 0000:00:02.0: [drm] VT-d active for gfx access
[    3.921568] checking generic (4000000000 b20000) vs hw (603d000000 1000000)
[    3.921570] checking generic (4000000000 b20000) vs hw (4000000000 20000000)
[    3.921571] fb0: switching to i915 from EFI VGA
[    3.923851] Console: switching to colour dummy device 80x25
[    3.926542] i915 0000:00:02.0: vgaarb: deactivate vga console
[    3.996378] i915 0000:00:02.0: [drm] Transparent Hugepage mode 'huge=within_size'
[    3.996390] tmpfs: Unsupported parameter 'huge'
[    3.996394] [drm] Unable to create a private tmpfs mount, hugepage support will be disabled(-22).
[    3.997183] i915 0000:00:02.0: vgaarb: changed VGA decodes: olddecodes=io+mem,decodes=io+mem:owns=mem
[    3.999223] i915 0000:00:02.0: [drm] Finished loading DMC firmware i915/adlp_dmc_ver2_14.bin (v2.14)
[    4.187181] i915 0000:00:02.0: [drm] GuC firmware i915/adlp_guc_69.0.3.bin version 69.0
[    4.187194] i915 0000:00:02.0: [drm] HuC firmware i915/tgl_huc_7.9.3.bin version 7.9
[    4.202641] i915 0000:00:02.0: [drm] HuC authenticated
[    4.203462] i915 0000:00:02.0: [drm] GuC submission enabled
[    4.203467] i915 0000:00:02.0: [drm] GuC SLPC enabled
[    4.203843] i915 0000:00:02.0: [drm] GuC RC: enabled
[    4.205222] i915 0000:00:02.0: [drm] Protected Xe Path (PXP) protected content support initialized
[    4.350122] ish-hid {33AECD58-B679-4E54-9BD9-A04D34F0C226}: [hid-ish]: enum_devices_done OK, num_hid_devices=3
[    4.363837] hid-generic 001F:8087:0AC2.0002: hidraw1: <UNKNOWN> HID v2.00 Device [hid-ishtp 8087:0AC2] on 
[    4.378135] hid-generic 001F:8087:0AC2.0003: hidraw2: <UNKNOWN> HID v2.00 Device [hid-ishtp 8087:0AC2] on 
[    4.385154] hid-generic 001F:8087:0AC2.0004: hidraw3: <UNKNOWN> HID v2.00 Device [hid-ishtp 8087:0AC2] on 
[    5.408570] [drm] Initialized i915 1.6.0 20201103 for 0000:00:02.0 on minor 0
[    5.414712] ACPI: video: Video Device [GFX0] (multi-head: yes  rom: no  post: no)
[    5.415441] input: Video Bus as /devices/LNXSYSTM:00/LNXSYBUS:00/PNP0A08:00/LNXVIDEO:00/input/input12
[    5.419641] fbcon: i915drmfb (fb0) is primary device
[    5.436700] Console: switching to colour frame buffer device 270x84
[    5.460022] i915 0000:00:02.0: [drm] fb0: i915drmfb frame buffer device
[   15.450714] kauditd_printk_skb: 15 callbacks suppressed
[   15.450717] audit: type=1338 audit(1657556515.746:26): module=crypt op=ctr ppid=1 pid=563 auid=4294967295 uid=0 gid=0 euid=0 suid=0 fsuid=0 egid=0 sgid=0 fsgid=0 tty=(none) ses=4294967295 comm="systemd-cryptse" exe="/usr/lib/systemd/systemd-cryptsetup" dev=253:0 error_msg='success' res=1
[   15.450903] audit: type=1300 audit(1657556515.746:26): arch=c000003e syscall=16 success=yes exit=0 a0=4 a1=c138fd09 a2=57a60eba6340 a3=57a60eb9d730 items=6 ppid=1 pid=563 auid=4294967295 uid=0 gid=0 euid=0 suid=0 fsuid=0 egid=0 sgid=0 fsgid=0 tty=(none) ses=4294967295 comm="systemd-cryptse" exe="/usr/lib/systemd/systemd-cryptsetup" key=(null)
[   15.450913] audit: type=1307 audit(1657556515.746:26): cwd="/"
[   15.450916] audit: type=1302 audit(1657556515.746:26): item=0 name=(null) inode=34 dev=00:07 mode=040755 ouid=0 ogid=0 rdev=00:00 nametype=PARENT cap_fp=0 cap_fi=0 cap_fe=0 cap_fver=0 cap_frootid=0
[   15.450922] audit: type=1302 audit(1657556515.746:26): item=1 name=(null) inode=21595 dev=00:07 mode=040755 ouid=0 ogid=0 rdev=00:00 nametype=CREATE cap_fp=0 cap_fi=0 cap_fe=0 cap_fver=0 cap_frootid=0
[   15.450928] audit: type=1302 audit(1657556515.746:26): item=2 name=(null) inode=23 dev=00:07 mode=040755 ouid=0 ogid=0 rdev=00:00 nametype=PARENT cap_fp=0 cap_fi=0 cap_fe=0 cap_fver=0 cap_frootid=0
[   15.450934] audit: type=1302 audit(1657556515.746:26): item=3 name=(null) inode=21596 dev=00:07 mode=040755 ouid=0 ogid=0 rdev=00:00 nametype=CREATE cap_fp=0 cap_fi=0 cap_fe=0 cap_fver=0 cap_frootid=0
[   15.450940] audit: type=1302 audit(1657556515.746:26): item=4 name=(null) inode=21596 dev=00:07 mode=040755 ouid=0 ogid=0 rdev=00:00 nametype=PARENT cap_fp=0 cap_fi=0 cap_fe=0 cap_fver=0 cap_frootid=0
[   15.450946] audit: type=1302 audit(1657556515.746:26): item=5 name=(null) inode=21597 dev=00:07 mode=0100444 ouid=0 ogid=0 rdev=00:00 nametype=CREATE cap_fp=0 cap_fi=0 cap_fe=0 cap_fver=0 cap_frootid=0
[   15.450952] audit: type=1327 audit(1657556515.746:26): proctitle=2F7573722F6C69622F73797374656D642F73797374656D642D6372797074736574757000617474616368006C756B732D63616436396236302D316565342D343065322D383062362D653739306332656562386666002F6465762F6469736B2F62792D757569642F63616436396236302D316565342D343065322D383062362D65
[   16.314108] EXT4-fs (dm-4): mounted filesystem with ordered data mode. Quota mode: none.
[   16.661638] systemd-journald[305]: Received SIGTERM from PID 1 (systemd).
[   16.775738] systemd[1]: RTC configured in localtime, applying delta of -240 minutes to system time.
[   16.804623] systemd[1]: systemd v245.9-1.fc32 running in system mode. (+PAM +AUDIT +SELINUX +IMA -APPARMOR +SMACK +SYSVINIT +UTMP +LIBCRYPTSETUP +GCRYPT +GNUTLS +ACL +XZ +LZ4 +SECCOMP +BLKID +ELFUTILS +KMOD +IDN2 -IDN +PCRE2 default-hierarchy=unified)
[   16.804816] systemd[1]: Detected architecture x86-64.
[   16.806232] systemd[1]: Set hostname to <dom0>.
[   16.884628] systemd[1]: /usr/lib/systemd/system/usbguard.service:15: PIDFile= references a path below legacy directory /var/run/, updating /var/run/usbguard.pid  /run/usbguard.pid; please update the unit file accordingly.
[   16.933747] systemd[1]: Configuration file /etc/systemd/system/qubes-vm@sys-usb.service.d/50_autostart.conf is marked world-inaccessible. This has no effect as configuration data is accessible via APIs without restrictions. Proceeding anyway.
[   16.983676] systemd[1]: initrd-switch-root.service: Succeeded.
[   16.983839] systemd[1]: Stopped Switch Root.
[   16.984059] systemd[1]: systemd-journald.service: Scheduled restart job, restart counter is at 1.
[   16.984247] systemd[1]: Created slice system-getty.slice.
[   16.984432] systemd[1]: Created slice system-modprobe.slice.
[   16.984599] systemd[1]: Created slice system-qubes\x2dvm.slice.
[   16.984776] systemd[1]: Created slice system-serial\x2dgetty.slice.
[   16.984939] systemd[1]: Created slice system-systemd\x2dfsck.slice.
[   16.985094] systemd[1]: Created slice User and Session Slice.
[   16.985118] systemd[1]: Condition check resulted in Dispatch Password Requests to Console Directory Watch being skipped.
[   16.985290] systemd[1]: Set up automount Arbitrary Executable File Formats File System Automount Point.
[   16.985314] systemd[1]: Reached target Block Device Preparation for /dev/mapper/luks-cad69b60-1ee4-40e2-80b6-e790c2eeb8ff.
[   16.985339] systemd[1]: Stopped target Switch Root.
[   16.985359] systemd[1]: Stopped target Initrd File Systems.
[   16.985376] systemd[1]: Stopped target Initrd Root File System.
[   16.985399] systemd[1]: Reached target Remote Encrypted Volumes.
[   16.985418] systemd[1]: Reached target Remote File Systems.
[   16.985437] systemd[1]: Reached target Slices.
[   16.985525] systemd[1]: Listening on Device-mapper event daemon FIFOs.
[   16.986314] systemd[1]: Listening on Process Core Dump Socket.
[   16.986375] systemd[1]: Listening on initctl Compatibility Named Pipe.
[   16.986471] systemd[1]: Listening on udev Control Socket.
[   16.986554] systemd[1]: Listening on udev Kernel Socket.
[   16.986637] systemd[1]: Listening on User Database Manager Socket.
[   16.987913] systemd[1]: Activating swap /dev/mapper/qubes_dom0-swap...
[   16.988165] systemd[1]: Condition check resulted in Huge Pages File System being skipped.
[   16.989378] systemd[1]: Mounting POSIX Message Queue File System...
[   16.990556] systemd[1]: Mounting Mount /proc/xen files...
[   16.991927] systemd[1]: Mounting Kernel Debug File System...
[   16.993249] systemd[1]: Mounting Kernel Trace File System...
[   16.993760] Adding 4128764k swap on /dev/mapper/qubes_dom0-swap.  Priority:-2 extents:1 across:4128764k SSFS
[   16.994775] systemd[1]: Starting Create list of static device nodes for the current kernel...
[   16.996545] systemd[1]: Starting Monitoring of LVM2 mirrors, snapshots etc. using dmeventd or progress polling...
[   16.996711] systemd[1]: Condition check resulted in Load Kernel Module configfs being skipped.
[   16.998426] systemd[1]: Mounting Kernel Configuration File System...
[   16.998570] systemd[1]: Condition check resulted in Load Kernel Module drm being skipped.
[   17.000297] systemd[1]: Starting Load Kernel Module fuse...
[   17.000680] systemd[1]: plymouth-switch-root.service: Succeeded.
[   17.000950] systemd[1]: Stopped Plymouth switch root service.
[   17.001758] systemd[1]: Condition check resulted in Set Up Additional Binary Formats being skipped.
[   17.001847] systemd[1]: Stopped Journal Service.
[   17.004382] systemd[1]: Starting Journal Service...
[   17.006549] systemd[1]: Starting Load Kernel Modules...
[   17.008154] systemd[1]: Starting Remount Root and Kernel File Systems...
[   17.010228] systemd[1]: Starting Repartition Root Disk...
[   17.011831] fuse: init (API version 7.36)
[   17.013435] systemd[1]: Starting udev Coldplug all Devices...
[   17.015953] systemd[1]: sysroot.mount: Succeeded.
[   17.019806] systemd[1]: Activated swap /dev/mapper/qubes_dom0-swap.
[   17.021203] systemd[1]: Mounted POSIX Message Queue File System.
[   17.021488] systemd[1]: Mounted Mount /proc/xen files.
[   17.021759] systemd[1]: Mounted Kernel Debug File System.
[   17.022000] systemd[1]: Mounted Kernel Trace File System.
[   17.022452] systemd[1]: Finished Create list of static device nodes for the current kernel.
[   17.022842] systemd[1]: Mounted Kernel Configuration File System.
[   17.023225] systemd[1]: modprobe@fuse.service: Succeeded.
[   17.023484] systemd[1]: Finished Load Kernel Module fuse.
[   17.024036] systemd[1]: Finished Load Kernel Modules.
[   17.024380] EXT4-fs (dm-4): re-mounted. Quota mode: none.
[   17.024535] systemd[1]: Finished Repartition Root Disk.
[   17.025552] systemd[1]: Reached target Swap.
[   17.027445] systemd[1]: Mounting FUSE Control File System...
[   17.027876] systemd[1]: tmp.mount: Directory /tmp to mount over is not empty, mounting anyway.
[   17.029373] systemd[1]: Mounting Temporary Directory (/tmp)...
[   17.031269] systemd[1]: Starting Apply Kernel Variables...
[   17.033413] systemd[1]: Finished Remount Root and Kernel File Systems.
[   17.034250] systemd[1]: Mounted FUSE Control File System.
[   17.034463] systemd[1]: Mounted Temporary Directory (/tmp).
[   17.034661] systemd[1]: Condition check resulted in First Boot Wizard being skipped.
[   17.035621] systemd[1]: Condition check resulted in Rebuild Hardware Database being skipped.
[   17.035686] systemd[1]: Condition check resulted in Platform Persistent Storage Archival being skipped.
[   17.037356] systemd[1]: Starting Load/Save Random Seed...
[   17.037510] systemd[1]: Condition check resulted in Create System Users being skipped.
[   17.039176] systemd[1]: Starting Create Static Device Nodes in /dev...
[   17.043579] systemd[1]: Finished Apply Kernel Variables.
[   17.044801] systemd[1]: Started Journal Service.
[   17.060831] systemd-journald[925]: Received client request to flush runtime journal.
[   21.569750] Consider using thermal netlink events interface
[   21.585188] input: Intel HID events as /devices/platform/INTC1070:00/input/input13
[   22.210702] mc: Linux media interface: v0.10
[   22.217558] videodev: Linux video capture interface: v2.00
[   22.794258] thinkpad_acpi: ThinkPad ACPI Extras v0.26
[   22.794265] thinkpad_acpi: http://ibm-acpi.sf.net/
[   22.794267] thinkpad_acpi: ThinkPad BIOS N3IET32W (1.12 ), EC N3IHT30W
[   22.794270] thinkpad_acpi: Lenovo ThinkPad X1 Nano Gen 2, model 21E80013US
[   22.794652] thinkpad_acpi: radio switch found; radios are enabled
[   22.794787] thinkpad_acpi: Tablet mode switch found (type: GMMS), currently in laptop mode
[   22.794794] thinkpad_acpi: This ThinkPad has standard ACPI backlight brightness control, supported by the ACPI video driver
[   22.794798] thinkpad_acpi: Disabling thinkpad-acpi brightness events by default...
[   22.798350] thinkpad_acpi: rfkill switch tpacpi_bluetooth_sw: radio is unblocked
[   22.836140] thinkpad_acpi: secondary fan control detected & enabled
[   22.842096] thinkpad_acpi: battery 1 registered (start 0, stop 100, behaviours: 0x7)
[   22.842104] ACPI: battery: new extension: ThinkPad Battery Extension
[   22.847607] input: ThinkPad Extra Buttons as /devices/platform/thinkpad_acpi/input/input14
[   24.863417] acpi PNP0C14:01: duplicate WMI GUID 05901221-D566-11D1-B2F0-00A0C9062910 (first instance was on PNP0C14:00)
[   24.871697] acpi PNP0C14:02: duplicate WMI GUID 05901221-D566-11D1-B2F0-00A0C9062910 (first instance was on PNP0C14:00)
[   24.872599] acpi PNP0C14:03: duplicate WMI GUID 05901221-D566-11D1-B2F0-00A0C9062910 (first instance was on PNP0C14:00)
[   24.872850] acpi PNP0C14:04: duplicate WMI GUID 05901221-D566-11D1-B2F0-00A0C9062910 (first instance was on PNP0C14:00)
[   24.874069] acpi PNP0C14:05: duplicate WMI GUID 05901221-D566-11D1-B2F0-00A0C9062910 (first instance was on PNP0C14:00)
[   24.875194] acpi PNP0C14:06: duplicate WMI GUID 05901221-D566-11D1-B2F0-00A0C9062910 (first instance was on PNP0C14:00)
[   24.876326] acpi PNP0C14:07: duplicate WMI GUID 05901221-D566-11D1-B2F0-00A0C9062910 (first instance was on PNP0C14:00)
[   24.877404] acpi PNP0C14:08: duplicate WMI GUID 05901221-D566-11D1-B2F0-00A0C9062910 (first instance was on PNP0C14:00)
[   24.909135] resource sanity check: requesting [mem 0xfedc0000-0xfedcffff], which spans more than pnp 00:05 [mem 0xfedc0000-0xfedc7fff]
[   24.909143] caller igen6_register_mci+0x5b/0x1f0 [igen6_edac] mapping multiple BARs
[   24.909187] EDAC MC0: Giving out device to module igen6_edac controller Intel_client_SoC MC#0: DEV 0000:00:00.0 (INTERRUPT)
[   24.909235] EDAC MC1: Giving out device to module igen6_edac controller Intel_client_SoC MC#1: DEV 0000:00:00.0 (INTERRUPT)
[   24.909266] EDAC igen6 MC1: HANDLING IBECC MEMORY ERROR
[   24.909267] EDAC igen6 MC1: ADDR 0x7fffffffe0 
[   24.909268] EDAC igen6 MC0: HANDLING IBECC MEMORY ERROR
[   24.909269] EDAC igen6 MC0: ADDR 0x7fffffffe0 
[   24.909307] EDAC igen6: v2.5
[   24.983168] kauditd_printk_skb: 73 callbacks suppressed
[   24.983170] audit: type=1130 audit(1657570925.278:98): pid=1 uid=0 auid=4294967295 ses=4294967295 msg='unit=systemd-backlight@backlight:intel_backlight comm="systemd" exe="/usr/lib/systemd/systemd" hostname=? addr=? terminal=? res=success'
[   25.450303] audit: type=1130 audit(1657570925.746:99): pid=1 uid=0 auid=4294967295 ses=4294967295 msg='unit=dm-event comm="systemd" exe="/usr/lib/systemd/systemd" hostname=? addr=? terminal=? res=success'
[   25.753074] audit: type=1130 audit(1657570926.049:100): pid=1 uid=0 auid=4294967295 ses=4294967295 msg='unit=lvm2-monitor comm="systemd" exe="/usr/lib/systemd/systemd" hostname=? addr=? terminal=? res=success'
[   25.870305] ACPI: bus type thunderbolt registered
[   25.888719] proc_thermal_pci 0000:00:04.0: enabling device (0000 -> 0002)
[   25.889990] xen: registering gsi 16 triggering 0 polarity 1
[   25.889999] Already setup the GSI :16
[   25.900199] idma64 idma64.0: Found Intel integrated DMA 64-bit
[   25.917299] intel_rapl_common: Found RAPL domain package
[   25.924496] mei_me 0000:00:16.0: enabling device (0000 -> 0002)
[   25.924610] xen: registering gsi 16 triggering 0 polarity 1
[   25.924614] Already setup the GSI :16
[   25.985686] i801_smbus 0000:00:1f.4: enabling device (0000 -> 0003)
[   25.987624] xen: registering gsi 16 triggering 0 polarity 1
[   25.987629] Already setup the GSI :16
[   25.987690] i801_smbus 0000:00:1f.4: SPD Write Disable is set
[   25.987932] i801_smbus 0000:00:1f.4: SMBus using PCI interrupt
[   25.990148] i2c i2c-15: 8/8 memory slots populated (from DMI)
[   25.990152] i2c i2c-15: Systems with more than 4 memory slots not supported yet, not instantiating SPD
[   28.779055] input: PC Speaker as /devices/platform/pcspkr/input/input15
[   30.237138] audit: type=1130 audit(1657570930.532:101): pid=1 uid=0 auid=4294967295 ses=4294967295 msg='unit=systemd-rfkill comm="systemd" exe="/usr/lib/systemd/systemd" hostname=? addr=? terminal=? res=success'
[   30.241365] audit: type=1130 audit(1657570930.536:102): pid=1 uid=0 auid=4294967295 ses=4294967295 msg='unit=systemd-backlight@leds:tpacpi::kbd_backlight comm="systemd" exe="/usr/lib/systemd/systemd" hostname=? addr=? terminal=? res=success'
[   30.319369] intel_rapl_msr: PL4 support detected.
[   31.209355] iTCO_vendor_support: vendor-support=0
[   31.215204] iTCO_wdt iTCO_wdt: Found a Intel PCH TCO device (Version=6, TCOBASE=0x0400)
[   31.215355] iTCO_wdt iTCO_wdt: initialized. heartbeat=30 sec (nowayout=0)
[   31.230647] mei_pxp 0000:00:16.0-fbf6fcf1-96cf-4e2e-a6a6-1bab8cbe36b1: bound 0000:00:02.0 (ops i915_pxp_tee_component_ops [i915])
[   31.233138] mei_hdcp 0000:00:16.0-b638ab7e-94e2-4ea2-a552-d1c54b627f04: bound 0000:00:02.0 (ops i915_hdcp_component_ops [i915])
[   32.492606] audit: type=1130 audit(1657570932.787:103): pid=1 uid=0 auid=4294967295 ses=4294967295 msg='unit=systemd-udev-settle comm="systemd" exe="/usr/lib/systemd/systemd" hostname=? addr=? terminal=? res=success'
[   32.719740] audit: type=1130 audit(1657570933.015:104): pid=1 uid=0 auid=4294967295 ses=4294967295 msg='unit=dmraid-activation comm="systemd" exe="/usr/lib/systemd/systemd" hostname=? addr=? terminal=? res=success'
[   32.719753] audit: type=1131 audit(1657570933.015:105): pid=1 uid=0 auid=4294967295 ses=4294967295 msg='unit=dmraid-activation comm="systemd" exe="/usr/lib/systemd/systemd" hostname=? addr=? terminal=? res=success'
[   33.020704] audit: type=1130 audit(1657570933.315:106): pid=1 uid=0 auid=4294967295 ses=4294967295 msg='unit=systemd-fsck@dev-disk-by\x2duuid-7299\x2dD160 comm="systemd" exe="/usr/lib/systemd/systemd" hostname=? addr=? terminal=? res=success'
[   33.025316] audit: type=1130 audit(1657570933.320:107): pid=1 uid=0 auid=4294967295 ses=4294967295 msg='unit=systemd-fsck@dev-disk-by\x2duuid-699b9c79\x2d403b\x2d47f2\x2d97be\x2d8500be6a8441 comm="systemd" exe="/usr/lib/systemd/systemd" hostname=? addr=? terminal=? res=success'
[   33.054847] EXT4-fs (nvme0n1p2): mounted filesystem with ordered data mode. Quota mode: none.
[   33.124471] audit: type=1130 audit(1657570933.419:108): pid=1 uid=0 auid=4294967295 ses=4294967295 msg='unit=dracut-shutdown comm="systemd" exe="/usr/lib/systemd/systemd" hostname=? addr=? terminal=? res=success'
[   33.159068] audit: type=1130 audit(1657570933.454:109): pid=1 uid=0 auid=4294967295 ses=4294967295 msg='unit=plymouth-read-write comm="systemd" exe="/usr/lib/systemd/systemd" hostname=? addr=? terminal=? res=success'
[   33.207059] audit: type=1130 audit(1657570933.502:110): pid=1 uid=0 auid=4294967295 ses=4294967295 msg='unit=systemd-tmpfiles-setup comm="systemd" exe="/usr/lib/systemd/systemd" hostname=? addr=? terminal=? res=success'
[   35.241237] kauditd_printk_skb: 25 callbacks suppressed
[   35.241239] audit: type=1131 audit(1657570935.536:136): pid=1 uid=0 auid=4294967295 ses=4294967295 msg='unit=systemd-rfkill comm="systemd" exe="/usr/lib/systemd/systemd" hostname=? addr=? terminal=? res=success'
[   37.789323] audit: type=1130 audit(1657570938.084:137): pid=1 uid=0 auid=4294967295 ses=4294967295 msg='unit=lvm2-pvscan@253:0 comm="systemd" exe="/usr/lib/systemd/systemd" hostname=? addr=? terminal=? res=success'
[   38.756865] audit: type=1130 audit(1657570939.052:138): pid=1 uid=0 auid=4294967295 ses=4294967295 msg='unit=qubesd comm="systemd" exe="/usr/lib/systemd/systemd" hostname=? addr=? terminal=? res=success'
[   38.761747] audit: type=1130 audit(1657570939.057:139): pid=1 uid=0 auid=4294967295 ses=4294967295 msg='unit=qubes-qrexec-policy-daemon comm="systemd" exe="/usr/lib/systemd/systemd" hostname=? addr=? terminal=? res=success'
[   38.948436] audit: type=1130 audit(1657570939.243:140): pid=1 uid=0 auid=4294967295 ses=4294967295 msg='unit=qubes-core comm="systemd" exe="/usr/lib/systemd/systemd" hostname=? addr=? terminal=? res=success'
[   38.952966] audit: type=1130 audit(1657570939.248:141): pid=1 uid=0 auid=4294967295 ses=4294967295 msg='unit=qubes-meminfo-writer-dom0 comm="systemd" exe="/usr/lib/systemd/systemd" hostname=? addr=? terminal=? res=success'
[   39.147894] pciback 0000:00:1f.0: xen_pciback: seizing device
[   39.149126] pciback 0000:00:1f.5: xen_pciback: seizing device
[   39.150907] pciback 0000:00:14.2: xen_pciback: seizing device
[   39.151309] pciback 0000:00:14.2: enabling device (0000 -> 0002)
[   39.154147] pciback 0000:00:1f.4: xen_pciback: seizing device
[   39.178358] pciback 0000:00:16.0: xen_pciback: seizing device
[   39.178632] xen: registering gsi 16 triggering 0 polarity 1
[   39.178640] Already setup the GSI :16
[   39.281772] pciback 0000:00:15.0: xen_pciback: seizing device
[   39.282011] xen: registering gsi 27 triggering 0 polarity 1
[   39.282019] Already setup the GSI :27
[   40.250844] memmap_init_zone_device initialised 32768 pages in 1ms
[   40.972017] loop: module loaded
[   40.979800] loop0: detected capacity change from 0 to 957320
[   42.270872] loop1: detected capacity change from 0 to 957320
[   42.554088] pciback 0000:00:14.3: xen_pciback: enabling permissive mode configuration space accesses!
[   42.554101] pciback 0000:00:14.3: xen_pciback: permissive mode is potentially unsafe!
[   42.711006] pciback 0000:00:1f.4: xen_pciback: vpci: assign to virtual slot 0
[   42.711696] pciback 0000:00:1f.4: registering for 2
[   42.711856] pciback 0000:00:0d.0: xen_pciback: vpci: assign to virtual slot 1
[   42.713002] pciback 0000:00:0d.0: registering for 2
[   42.713194] pciback 0000:00:14.0: xen_pciback: vpci: assign to virtual slot 2
[   42.713866] pciback 0000:00:14.0: registering for 2
[   42.714733] pciback 0000:00:0d.2: xen_pciback: vpci: assign to virtual slot 1 func 2
[   42.715741] pciback 0000:00:0d.2: registering for 2
[   42.716292] pciback 0000:00:16.0: xen_pciback: vpci: assign to virtual slot 3
[   42.717272] pciback 0000:00:16.0: registering for 2
[   42.717932] pciback 0000:00:14.3: xen_pciback: vpci: assign to virtual slot 2 func 3
[   42.718843] pciback 0000:00:14.3: registering for 2
[   42.719706] pciback 0000:00:1f.5: xen_pciback: vpci: assign to virtual slot 0 func 5
[   42.720768] pciback 0000:00:1f.5: registering for 2
[   42.728492] pciback 0000:00:0d.3: xen_pciback: vpci: assign to virtual slot 1 func 3
[   42.729043] pciback 0000:00:0d.3: registering for 2
[   42.729302] pciback 0000:00:15.0: xen_pciback: vpci: assign to virtual slot 4
[   42.729788] pciback 0000:00:15.0: registering for 2
[   42.729991] pciback 0000:00:1f.0: xen_pciback: vpci: assign to virtual slot 0 func 0
[   42.730753] pciback 0000:00:1f.0: registering for 2
[   42.730907] pciback 0000:00:14.2: xen_pciback: vpci: assign to virtual slot 2 func 2
[   42.731545] pciback 0000:00:14.2: registering for 2
[   42.901951] xen-blkback: backend/vbd/2/51712: using 1 queues, protocol 1 (x86_64-abi) persistent grants
[   42.907077] xen: registering gsi 16 triggering 0 polarity 1
[   42.907086] Already setup the GSI :16
[   42.908093] xen: registering gsi 16 triggering 0 polarity 1
[   42.908098] Already setup the GSI :16
[   42.909106] xen: registering gsi 16 triggering 0 polarity 1
[   42.909110] Already setup the GSI :16
[   42.910097] xen: registering gsi 16 triggering 0 polarity 1
[   42.910101] Already setup the GSI :16
[   42.911077] xen: registering gsi 16 triggering 0 polarity 1
[   42.911080] Already setup the GSI :16
[   42.912088] xen: registering gsi 16 triggering 0 polarity 1
[   42.912091] Already setup the GSI :16
[   42.916616] xen: registering gsi 16 triggering 0 polarity 1
[   42.916620] Already setup the GSI :16
[   42.917074] xen: registering gsi 16 triggering 0 polarity 1
[   42.917077] Already setup the GSI :16
[   42.917462] xen: registering gsi 16 triggering 0 polarity 1
[   42.917464] Already setup the GSI :16
[   42.917814] xen: registering gsi 16 triggering 0 polarity 1
[   42.917817] Already setup the GSI :16
[   42.918146] xen: registering gsi 16 triggering 0 polarity 1
[   42.918148] Already setup the GSI :16
[   42.918463] xen: registering gsi 16 triggering 0 polarity 1
[   42.918466] Already setup the GSI :16
[   42.919397] xen: registering gsi 16 triggering 0 polarity 1
[   42.919400] Already setup the GSI :16
[   42.919857] xen: registering gsi 16 triggering 0 polarity 1
[   42.919860] Already setup the GSI :16
[   42.920243] xen: registering gsi 16 triggering 0 polarity 1
[   42.920246] Already setup the GSI :16
[   42.920579] xen: registering gsi 16 triggering 0 polarity 1
[   42.920581] Already setup the GSI :16
[   42.920905] xen: registering gsi 16 triggering 0 polarity 1
[   42.920908] Already setup the GSI :16
[   42.921231] xen: registering gsi 16 triggering 0 polarity 1
[   42.921233] Already setup the GSI :16
[   42.922606] xen: registering gsi 16 triggering 0 polarity 1
[   42.922609] Already setup the GSI :16
[   42.923438] xen: registering gsi 16 triggering 0 polarity 1
[   42.923441] Already setup the GSI :16
[   42.923970] xen: registering gsi 16 triggering 0 polarity 1
[   42.923973] Already setup the GSI :16
[   42.924502] xen: registering gsi 16 triggering 0 polarity 1
[   42.924504] Already setup the GSI :16
[   42.924997] xen: registering gsi 16 triggering 0 polarity 1
[   42.925000] Already setup the GSI :16
[   42.925495] xen: registering gsi 16 triggering 0 polarity 1
[   42.925497] Already setup the GSI :16
[   42.926028] xen: registering gsi 16 triggering 0 polarity 1
[   42.926030] Already setup the GSI :16
[   42.931410] xen: registering gsi 16 triggering 0 polarity 1
[   42.931413] Already setup the GSI :16
[   42.933234] xen: registering gsi 16 triggering 0 polarity 1
[   42.933237] Already setup the GSI :16
[   42.934451] xen: registering gsi 16 triggering 0 polarity 1
[   42.934453] Already setup the GSI :16
[   42.935645] xen: registering gsi 16 triggering 0 polarity 1
[   42.935648] Already setup the GSI :16
[   42.936788] xen: registering gsi 16 triggering 0 polarity 1
[   42.936791] Already setup the GSI :16
[   42.937985] xen: registering gsi 16 triggering 0 polarity 1
[   42.937988] Already setup the GSI :16
[   42.939155] xen: registering gsi 16 triggering 0 polarity 1
[   42.939158] Already setup the GSI :16
[   42.945248] xen: registering gsi 16 triggering 0 polarity 1
[   42.945251] Already setup the GSI :16
[   42.945919] xen: registering gsi 16 triggering 0 polarity 1
[   42.945922] Already setup the GSI :16
[   42.946397] xen: registering gsi 16 triggering 0 polarity 1
[   42.946400] Already setup the GSI :16
[   42.946871] xen: registering gsi 16 triggering 0 polarity 1
[   42.946874] Already setup the GSI :16
[   42.947307] xen: registering gsi 16 triggering 0 polarity 1
[   42.947309] Already setup the GSI :16
[   42.947806] xen: registering gsi 16 triggering 0 polarity 1
[   42.947808] Already setup the GSI :16
[   42.948247] xen: registering gsi 16 triggering 0 polarity 1
[   42.948249] Already setup the GSI :16
[   42.950249] xen: registering gsi 27 triggering 0 polarity 1
[   42.950253] Already setup the GSI :27
[   42.951556] xen: registering gsi 27 triggering 0 polarity 1
[   42.951559] Already setup the GSI :27
[   42.952559] xen: registering gsi 27 triggering 0 polarity 1
[   42.952562] Already setup the GSI :27
[   42.953503] xen: registering gsi 27 triggering 0 polarity 1
[   42.953505] Already setup the GSI :27
[   42.954468] xen: registering gsi 27 triggering 0 polarity 1
[   42.954470] Already setup the GSI :27
[   42.955452] xen: registering gsi 27 triggering 0 polarity 1
[   42.955455] Already setup the GSI :27
[   42.956407] xen: registering gsi 27 triggering 0 polarity 1
[   42.956410] Already setup the GSI :27
[   42.965075] xen-blkback: backend/vbd/2/51728: using 1 queues, protocol 1 (x86_64-abi) persistent grants
[   42.983754] xen-blkback: backend/vbd/2/51744: using 1 queues, protocol 1 (x86_64-abi) persistent grants
[   43.002446] xen-blkback: backend/vbd/2/51760: using 1 queues, protocol 1 (x86_64-abi) persistent grants
[   44.635087] audit: type=1103 audit(1657570944.930:142): pid=4724 uid=0 auid=4294967295 ses=4294967295 msg='op=PAM:setcred grantors=pam_rootok acct="scsi" exe="/usr/sbin/runuser" hostname=? addr=? terminal=? res=success'
[   44.635974] audit: type=1105 audit(1657570944.931:143): pid=4724 uid=0 auid=4294967295 ses=4294967295 msg='op=PAM:session_open grantors=pam_keyinit,pam_limits,pam_unix acct="scsi" exe="/usr/sbin/runuser" hostname=? addr=? terminal=? res=success'
[   44.647778] audit: type=1106 audit(1657570944.943:144): pid=4724 uid=0 auid=4294967295 ses=4294967295 msg='op=PAM:session_close grantors=pam_keyinit,pam_limits,pam_unix acct="scsi" exe="/usr/sbin/runuser" hostname=? addr=? terminal=? res=success'
[   44.647805] audit: type=1104 audit(1657570944.943:145): pid=4724 uid=0 auid=4294967295 ses=4294967295 msg='op=PAM:setcred grantors=pam_rootok acct="scsi" exe="/usr/sbin/runuser" hostname=? addr=? terminal=? res=success'
[   44.678525] audit: type=1103 audit(1657570944.973:146): pid=4735 uid=0 auid=4294967295 ses=4294967295 msg='op=PAM:setcred grantors=pam_rootok acct="scsi" exe="/usr/sbin/runuser" hostname=? addr=? terminal=? res=success'
[   44.678770] audit: type=1105 audit(1657570944.974:147): pid=4735 uid=0 auid=4294967295 ses=4294967295 msg='op=PAM:session_open grantors=pam_keyinit,pam_limits,pam_unix acct="scsi" exe="/usr/sbin/runuser" hostname=? addr=? terminal=? res=success'
[   46.255815] loop2: detected capacity change from 0 to 957320
[   48.120265] loop3: detected capacity change from 0 to 957320
[   48.339124] xen-blkback: backend/vbd/1/51712: using 2 queues, protocol 1 (x86_64-abi) persistent grants
[   48.380572] xen-blkback: backend/vbd/1/51728: using 2 queues, protocol 1 (x86_64-abi) persistent grants
[   48.424156] xen-blkback: backend/vbd/1/51744: using 2 queues, protocol 1 (x86_64-abi) persistent grants
[   48.456404] xen-blkback: backend/vbd/1/51760: using 2 queues, protocol 1 (x86_64-abi) persistent grants
[   48.472955] xen-blkback: backend/vbd/4/51712: using 1 queues, protocol 1 (x86_64-abi) persistent grants
[   48.495254] xen-blkback: backend/vbd/4/51728: using 1 queues, protocol 1 (x86_64-abi) persistent grants
[   48.515237] xen-blkback: backend/vbd/4/51744: using 1 queues, protocol 1 (x86_64-abi) persistent grants
[   48.537216] xen-blkback: backend/vbd/4/51760: using 1 queues, protocol 1 (x86_64-abi) persistent grants
[   49.241921] audit: type=1103 audit(1657570949.537:148): pid=5834 uid=0 auid=4294967295 ses=4294967295 msg='op=PAM:setcred grantors=pam_rootok acct="scsi" exe="/usr/sbin/runuser" hostname=? addr=? terminal=? res=success'
[   49.242210] audit: type=1105 audit(1657570949.537:149): pid=5834 uid=0 auid=4294967295 ses=4294967295 msg='op=PAM:session_open grantors=pam_keyinit,pam_limits,pam_unix acct="scsi" exe="/usr/sbin/runuser" hostname=? addr=? terminal=? res=success'
[   49.253235] audit: type=1106 audit(1657570949.548:150): pid=5834 uid=0 auid=4294967295 ses=4294967295 msg='op=PAM:session_close grantors=pam_keyinit,pam_limits,pam_unix acct="scsi" exe="/usr/sbin/runuser" hostname=? addr=? terminal=? res=success'
[   49.253257] audit: type=1104 audit(1657570949.548:151): pid=5834 uid=0 auid=4294967295 ses=4294967295 msg='op=PAM:setcred grantors=pam_rootok acct="scsi" exe="/usr/sbin/runuser" hostname=? addr=? terminal=? res=success'
[   50.137184] pciback 0000:00:14.0: xen_pciback: cannot enable memory-write-invalidate (-22)
[   51.399105] xen-blkback: backend/vbd/3/51712: using 2 queues, protocol 1 (x86_64-abi) persistent grants
[   51.432650] xen-blkback: backend/vbd/3/51728: using 2 queues, protocol 1 (x86_64-abi) persistent grants
[   51.474317] xen-blkback: backend/vbd/3/51744: using 2 queues, protocol 1 (x86_64-abi) persistent grants
[   51.495915] xen-blkback: backend/vbd/3/51760: using 2 queues, protocol 1 (x86_64-abi) persistent grants
[   56.685211] kauditd_printk_skb: 2 callbacks suppressed
[   56.685213] audit: type=1106 audit(1657570956.980:154): pid=4735 uid=0 auid=4294967295 ses=4294967295 msg='op=PAM:session_close grantors=pam_keyinit,pam_limits,pam_unix acct="scsi" exe="/usr/sbin/runuser" hostname=? addr=? terminal=? res=success'
[   56.685226] audit: type=1104 audit(1657570956.980:155): pid=4735 uid=0 auid=4294967295 ses=4294967295 msg='op=PAM:setcred grantors=pam_rootok acct="scsi" exe="/usr/sbin/runuser" hostname=? addr=? terminal=? res=success'
[   56.744876] audit: type=1130 audit(1657570957.040:156): pid=1 uid=0 auid=4294967295 ses=4294967295 msg='unit=qubes-vm@sys-net comm="systemd" exe="/usr/lib/systemd/systemd" hostname=? addr=? terminal=? res=success'
[   58.522244] audit: type=1106 audit(1657570958.817:157): pid=5839 uid=0 auid=4294967295 ses=4294967295 msg='op=PAM:session_close grantors=pam_keyinit,pam_limits,pam_unix acct="scsi" exe="/usr/sbin/runuser" hostname=? addr=? terminal=? res=success'
[   58.522269] audit: type=1104 audit(1657570958.817:158): pid=5839 uid=0 auid=4294967295 ses=4294967295 msg='op=PAM:setcred grantors=pam_rootok acct="scsi" exe="/usr/sbin/runuser" hostname=? addr=? terminal=? res=success'
[   60.677093] loop4: detected capacity change from 0 to 957320
[   60.887409] audit: type=1103 audit(1657570961.182:159): pid=6541 uid=0 auid=4294967295 ses=4294967295 msg='op=PAM:setcred grantors=pam_rootok acct="scsi" exe="/usr/sbin/runuser" hostname=? addr=? terminal=? res=success'
[   60.887820] audit: type=1105 audit(1657570961.183:160): pid=6541 uid=0 auid=4294967295 ses=4294967295 msg='op=PAM:session_open grantors=pam_keyinit,pam_limits,pam_unix acct="scsi" exe="/usr/sbin/runuser" hostname=? addr=? terminal=? res=success'
[   60.902225] audit: type=1106 audit(1657570961.197:161): pid=6541 uid=0 auid=4294967295 ses=4294967295 msg='op=PAM:session_close grantors=pam_keyinit,pam_limits,pam_unix acct="scsi" exe="/usr/sbin/runuser" hostname=? addr=? terminal=? res=success'
[   60.902265] audit: type=1104 audit(1657570961.197:162): pid=6541 uid=0 auid=4294967295 ses=4294967295 msg='op=PAM:setcred grantors=pam_rootok acct="scsi" exe="/usr/sbin/runuser" hostname=? addr=? terminal=? res=success'
[   60.963561] audit: type=1103 audit(1657570961.258:163): pid=6545 uid=0 auid=4294967295 ses=4294967295 msg='op=PAM:setcred grantors=pam_rootok acct="scsi" exe="/usr/sbin/runuser" hostname=? addr=? terminal=? res=success'
[   61.694310] kauditd_printk_skb: 14 callbacks suppressed
[   61.694313] audit: type=1130 audit(1657570961.989:178): pid=1 uid=0 auid=4294967295 ses=4294967295 msg='unit=user-runtime-dir@994 comm="systemd" exe="/usr/lib/systemd/systemd" hostname=? addr=? terminal=? res=success'
[   61.703302] audit: type=1101 audit(1657570961.998:179): pid=6626 uid=0 auid=4294967295 ses=4294967295 msg='op=PAM:accounting grantors=pam_unix acct="lightdm" exe="/usr/lib/systemd/systemd" hostname=? addr=? terminal=? res=success'
[   61.703312] audit: type=1103 audit(1657570961.998:180): pid=6626 uid=0 auid=4294967295 ses=4294967295 msg='op=PAM:setcred grantors=? acct="lightdm" exe="/usr/lib/systemd/systemd" hostname=? addr=? terminal=? res=failed'
[   61.703399] audit: type=1006 audit(1657570961.998:181): pid=6626 uid=0 old-auid=4294967295 auid=994 tty=(none) old-ses=4294967295 ses=1 res=1
[   61.703405] audit: type=1300 audit(1657570961.998:181): arch=c000003e syscall=1 success=yes exit=3 a0=7 a1=7ffc3508c8f0 a2=3 a3=7ffc3508c605 items=0 ppid=1 pid=6626 auid=994 uid=0 gid=0 euid=0 suid=0 fsuid=0 egid=0 sgid=0 fsgid=0 tty=(none) ses=1 comm="(systemd)" exe="/usr/lib/systemd/systemd" key=(null)
[   61.703413] audit: type=1327 audit(1657570961.998:181): proctitle="(systemd)"
[   61.706203] audit: type=1105 audit(1657570962.001:182): pid=6626 uid=0 auid=994 ses=1 msg='op=PAM:session_open grantors=pam_selinux,pam_selinux,pam_loginuid,pam_keyinit,pam_limits,pam_systemd,pam_unix acct="lightdm" exe="/usr/lib/systemd/systemd" hostname=? addr=? terminal=? res=success'
[   61.989247] audit: type=1130 audit(1657570962.284:183): pid=1 uid=0 auid=4294967295 ses=4294967295 msg='unit=user@994 comm="systemd" exe="/usr/lib/systemd/systemd" hostname=? addr=? terminal=? res=success'
[   61.992791] audit: type=1105 audit(1657570962.288:184): pid=6618 uid=0 auid=4294967295 ses=4294967295 msg='op=PAM:session_open grantors=pam_unix,pam_systemd acct="lightdm" exe="/usr/sbin/lightdm" hostname=? addr=? terminal=:0 res=success'
[   64.713355] xen-blkback: backend/vbd/5/51712: using 2 queues, protocol 1 (x86_64-abi) persistent grants
[   64.749606] xen-blkback: backend/vbd/5/51728: using 2 queues, protocol 1 (x86_64-abi) persistent grants
[   64.783482] xen-blkback: backend/vbd/5/51744: using 2 queues, protocol 1 (x86_64-abi) persistent grants
[   64.804838] xen-blkback: backend/vbd/5/51760: using 2 queues, protocol 1 (x86_64-abi) persistent grants
[   67.202102] audit: type=1106 audit(1657570967.497:185): pid=6545 uid=0 auid=4294967295 ses=4294967295 msg='op=PAM:session_close grantors=pam_keyinit,pam_limits,pam_unix acct="scsi" exe="/usr/sbin/runuser" hostname=? addr=? terminal=? res=success'
[   67.202152] audit: type=1104 audit(1657570967.497:186): pid=6545 uid=0 auid=4294967295 ses=4294967295 msg='op=PAM:setcred grantors=pam_rootok acct="scsi" exe="/usr/sbin/runuser" hostname=? addr=? terminal=? res=success'
[   67.283859] audit: type=1130 audit(1657570967.579:187): pid=1 uid=0 auid=4294967295 ses=4294967295 msg='unit=qubes-vm@sys-firewall comm="systemd" exe="/usr/lib/systemd/systemd" hostname=? addr=? terminal=? res=success'
[   70.384664] loop5: detected capacity change from 0 to 957320
[   70.612655] audit: type=1103 audit(1657570970.907:188): pid=7348 uid=0 auid=4294967295 ses=4294967295 msg='op=PAM:setcred grantors=pam_rootok acct="scsi" exe="/usr/sbin/runuser" hostname=? addr=? terminal=? res=success'
[   70.613109] audit: type=1105 audit(1657570970.908:189): pid=7348 uid=0 auid=4294967295 ses=4294967295 msg='op=PAM:session_open grantors=pam_keyinit,pam_limits,pam_unix acct="scsi" exe="/usr/sbin/runuser" hostname=? addr=? terminal=? res=success'
[   70.625515] audit: type=1106 audit(1657570970.920:190): pid=7348 uid=0 auid=4294967295 ses=4294967295 msg='op=PAM:session_close grantors=pam_keyinit,pam_limits,pam_unix acct="scsi" exe="/usr/sbin/runuser" hostname=? addr=? terminal=? res=success'
[   70.625546] audit: type=1104 audit(1657570970.920:191): pid=7348 uid=0 auid=4294967295 ses=4294967295 msg='op=PAM:setcred grantors=pam_rootok acct="scsi" exe="/usr/sbin/runuser" hostname=? addr=? terminal=? res=success'
[   70.646699] audit: type=1103 audit(1657570970.942:192): pid=7352 uid=0 auid=4294967295 ses=4294967295 msg='op=PAM:setcred grantors=pam_rootok acct="scsi" exe="/usr/sbin/runuser" hostname=? addr=? terminal=? res=success'
[   70.647147] audit: type=1105 audit(1657570970.942:193): pid=7352 uid=0 auid=4294967295 ses=4294967295 msg='op=PAM:session_open grantors=pam_keyinit,pam_limits,pam_unix acct="scsi" exe="/usr/sbin/runuser" hostname=? addr=? terminal=? res=success'
[   71.962065] xen-blkback: backend/vbd/6/51712: using 2 queues, protocol 1 (x86_64-abi) persistent grants
[   71.996693] xen-blkback: backend/vbd/6/51728: using 2 queues, protocol 1 (x86_64-abi) persistent grants
[   72.032523] xen-blkback: backend/vbd/6/51744: using 2 queues, protocol 1 (x86_64-abi) persistent grants
[   72.063432] xen-blkback: backend/vbd/6/51760: using 2 queues, protocol 1 (x86_64-abi) persistent grants
[   80.500646] audit: type=1106 audit(1657570980.795:194): pid=7352 uid=0 auid=4294967295 ses=4294967295 msg='op=PAM:session_close grantors=pam_keyinit,pam_limits,pam_unix acct="scsi" exe="/usr/sbin/runuser" hostname=? addr=? terminal=? res=success'
